Eden and Olivia
Eden & Olivia
XCEL
John Galt
GK
Armor All
changes color
Jollychic
Mr Clean
Gerard Cos
Gerard Cosmetics
Leggs
Lyons/Hit Ent.
KEENS
Lapis Clothing
Per Lei
Lei Lei
Kylo Ren
Ren and Stimpy
Ren & Stimpy
Sweet Peach
Thrive Lifestyle
Rustic Cuff
Kershaw
Self Expressions
Cricut Expressions
Flexi Rods
Flexi Lexi
OSEA
10 Deep
10Deep
KEENS
Always kiss me
Per Lei
Lei Lei
Barcelona Lionel
Little Mermaid
Winky Lux
Lux De Ville
Que Bella
Natural Reflections
Kylo Ren
Ren and Stimpy
Ren & Stimpy
Dark Root
Robin Ruth
RobinRuth
Twilight Saga
Santee
Vin Scully
DoTerra
Nicholas Sparks
Studio Makeup
Studio Microphone
Studio Mic
Sweet Peach
Mechanix
PoGo
Poof
Pull & Bear
Cordoba
Magnolia Wreath
Magnolia Story
Sweet Magnolia
Magnum Condom
Trojan Magnum
Magnum Trojan
Matteify
MattefiyMidway Arcade
Miller Lite
Mac Miller
Moo
Morgan Silver
Morgan Dollar
Silver MorganMystic B
Daniel Tiger
Troye Sivan
Shakespeare
Oh Mamma
Sarah Jessica Parker
PAUL and JOE
Pelican Case
Complexion Perfection
PING PONG
Post it
Cosmetics
Pura Vida
Tilt TV
TV TiltAttack on Titan
Toostie Roll
Walter White
Most Wanted
Avo Wanted
Azzaro Wanted
Fiesta Ware
Russell Westbrook
Bring me the Horizon
Forza Horizon
