47
Academy
Act
ADAM
Adams
Advent
Air Lift™
Alia
Allure
Alternative
AND
Ann
Anthony
Anxiety
Aqua
Army
Ash
Ask
Athlete
Atmosphere
Audi
Badger
Ball
Bamboo
Ban
Blair
Blank
Blind
BLUE
Bounce
Cactus
Cake
Canvas
Cardinal
Carnival
Castle
Casual
CAT
Century
Channel
CLEAN
Closet
Coast
Cobra
Com
Combi
Complete
Connected
Cooper
Cos
Crane
Creature
Curve
Curves
Cutters
Dazzle
Dragon
Eden
Edge
Elements
Elite
Elixir
Ellison
Elmo
Essentials
Evolution
Expressions
Fairway
Fanatics
Fascinations
Fast Lane
Ferrari
Fever
Filter
Flamingo
Flexi
Flip
Flirt
Focus
Ford
Franklin
Freeze
Galaxy
Gallery
Galt
GAME
Gear
Ghost
Giant
Gibson
Global
Globe
Goddess
Gorham
Grace
GUM
Hamilton
Hammer
HEAD
Heritage
HO
Horizon
HUGO
Ice
Iceberg
Icon
Imagine
Imperial
Inspire
Jeep
Johnson
Joie
JUMP
K & W
Kala
Kids Only
KRW
KY
LaCie
Le Suit
Level
Link
Lot
Lux
Rails
Rainbow
Ram
RAW
Razor
Reach
Red Cross
Red Jacket
Refresh
Religion
Request
Requirements
Restricted
RIM
Roar
Roots
Rotary
Royal
Russell
Rusty
Ruth
Saga
Select
Serenity
Sheba
Shell
Shout
Signature
Simple
Simply Be
Sky
Solar
Solo
SPY
Square
Step
Structure
Studio M
M
Magazine
Magic
MARKER
Maverik
Mercury®
Method
MGM
Micros
Midway
Millenium
Miller
Mirro
Mission
Mobil™
Monster
Moon Collection
MOTHER
Mulberry
Myths
Nathan
Neighborhood
Nest
Pace
Paramount
Passport
Penguin
Perfection
Popular
Precision
Premier
Prevail
Prince
Privilege
Pro
PUR
Pura
Tail
Tess
Therapy
Tiger
Tilt
Titan
To the Max
Together
ULTra
Unik
Velocity
Walter
Ware
Waverly
WearEver
Wellness
Weston
Wet
World's Best
Wrapper
X
Zinc
ViX
Warrior
