191 Unlimited
1byone
21men
24/7 Comfort Apparel
24th & Ocean
2K Games
2xist
3.1 Phillip Lim
3M®
6 Shore Road
7 Diamonds
8732 Apparel
A Wish Come True
A&A Optical
A&R Sports
A.B.S. by Allen Schwartz
A.D. Sutton & Sons
A.L.C.
A.P.C.
a.testoni
A/X Armani Exchange
AA Aquarium
ABC Studios
Able provider
ABS by Allen Schwartz
Accessory Innovations
Accessory Power
Accessory Workshop
ACDelco
Acne Jeans
Acoustic Research
Actron®
Adams Golf
Add Down
Adee Kaye
adidas NEO
Adrienne Landau
Advanced Graphics
Advantek
AeroLatte
Agetec
Agraria
Agua Bendita
AGUADECOCO
Aidan Mattox
Air Lift™
Air Zone
Airtex
AKA New York
Akris
Akris punto
Alan Flusser
Albert Nipon
Alberto Makali
Alegro
Alex & Ava
Alexander Julian
Alexander Kalifano
Alexander Lloyd
Alexandra de Markoff
Alexis Brittar
Alfred Angelo
Alice & Trixie
Alice & You
All Four Paws
All Living Things
Allen Allen
Allen B. by Allen Schwartz
Allen Solly
Alleson Athletic
Allison Brittney
Allison Daley
Allison Taylor
All-Power America
Altamont
Altru
Alyn Paige
Alythea
American Classics
American Mills
American Vintage
American Weigh
Amoena
Amphibious Outfitters
Amsoil
Andrea by Sadek
ANDREA FENZI
Animal Adventure
Animal Alley
Anna Kostrova
Anne Fontaine
Antik Batik
Apostrophe
Aqua Clear
Aqua Lung Sport
Aquatopia
Archaic
Armani Collezioni
Armani Jeans
Armor All®
Arm's Reach Concepts
Artful Dodger
Ashley Graham
Ashworth
Aspeed
Aspen Pet
ASSETS by Sara Blakely
ATI Technologies
Atlantis Toy and Hobby
ATLUS
Attends
Aubade
Audemars Piguet
AudioSource
Audio-Technica
August Silk
Augusta Sportswear
Aurora World
Austin Clothing Co.
Authentic Original Vintage Style
Auto Expressions
Auto Meter
Auto Ventshade®
Automotive Innovations
Autumn Cashmere
Avirex
Avon Cosmetics, Inc
AX Paris
Axist
Azzuro
B Darlin
B is for Bear
B O X Packaging
B. Darlin
B. Moss
B. Smart
Babies R Us Infant
Babies R Us Plush
Baby Be Mine
Baby Delight
Baby Orajel
Bacati
Bacco Bucci
Bachmann Trains
Bachrach
Back Buddy
Badger Basket
Baker & Taylor
Baker by Ted Baker
Baltex
Bamboo Cay
Bandai Namco
Bang & Olufsen
Bari Jay
Barneys New York
Basic Fun
Bassett Furniture
BaubleBar
Bayer Expert Care
BCBG Max Azria
Beach Joy
BEACH RIOT
Bear Archery
Beautifly
Bebe Stores
BebeSounds
Becca Cosmetics
Bell & Ross
Belle by Sigerson Morrison
Ben Davis
Ben Hogan
Ben Marc
Bensoni Fashion House
Bepuzzled
Bergan
Berne Apparel
Bésame Cosmetics
Best Friends by Sheri
Bestever
Betsey Johnson Label
Better Shea Butter
Bettinis
Beverly Drive
Big Boy Gear
Big Dogs
Big Time Toys
Big Wheels
Bikerwear
Billionaire Boys Club and Ice Cream
Billy Reid
Bio Spot
Bioworld Merchandising
Bird by Juicy Couture
Birdola
Bjorn Borg
Blac Label
Black Halo
Black Ink Design
BLACKHAWK!
Blanc Noir
Blank NYC
Blendtec
Blip Toys
Blitz®
Bloomfield
Blue Asphalt
Blue Cult
Blue Magic®
Blue Microphones
Blunt Power
BOB Strollers
Bogner
Bogosse
Bondi Band
BonWorth
Boogie Wipes
BooginHead
BOOMco.
BornFree
Borrelli
BOSS HUGO BOSS
Boston Traders
Boudreauxs Butt Paste
Bowery Supply
Bowflex
Boxercraft
Boy + Girl
BOYS + ARROWS
Brake & Wheel Parts
Brave Soul
BrazilRoxx
Breadman
Breckenridge
Brentwood
Briarpatch
Bridgestone Golf
Briefly Stated
Brighton Collectibles
Brioni
Brockum
Bruder Toys America
Buckley Supply Co.
Buffalo Games
Bully Dog
Bumble Collection
BumpStart
Buxton Leather Goods
C & C California Clothing
C&C California
C. O. Bigelow
C/MEO Collective
CA by vitamin A
Cabales
Cabin Creek
Cachet
California Concepts
California Costume Collection
Calypso St. Barth
Cambridge Classics
Camilia
Campia Moda
Candle-Lite
Canterbury
Capelli of New York
Capresso
Caravelli
Cardinal Industries
Cardinal of Canada
Caribbean Joe
Carlson Pet Products
Carol Anderson
Carolina Colours
Carolyn Taylor
Carrhart
Carson Home Accents
Cassandra Stone
Casual Corner
Casual Corner Annex
Cathy Daniels
Catit
CBK
CCB Collection
Cdc Clothing
Ceaco
Cellini
Central Park West
Cepia
Cezani
Cha Cha Vente
Chann Luu
Charles Tyrwhitt
Charlie by Mattew Zink
Charlie Rocket
CharmLeaks
Chef's Choice
Chef's Secret
Chequer
Chetta B
Chevron®
China Glaze Co. Ltd.
Chip & Pepper
Chocolove
CHOISE
Christine Alexander
Christopher Blue
Chroma™
Chromo Inc
Chuckit
Chums
CIOR
Cipo & Baxx
Circulon
Citizens of Humanity Jeans
Citron Santa Monica
City Streets
City Triangles
Clark's Botanicals
Classic Accessories
Classic Elements
Classic Media
Classiques Entier
Claybrooke
Clinique Du Rond
Clover Canyon
CM Style Fashion
Cobra Electronics
Coby Electronics
Coco Rave
Coco Reef
Code Bleu
Coed Sportwear
Colebrook
Collector's Gallery
College Edition
Colorbok
Combi International
Comic Images
Commonwealth Toys
ComplyRight
Comptoir Sud Pacifique
Concept One
Consensus
Coogi Fashions
Cooks Essentials
COOLMAX
Cordani Shoes
Corolle
Costume Super Center
Cotton Heritage
Cotton Tale Designs
Coty, Inc.
Counterparts
Coverking
Crazy Horse
Creative Designs
Creative Labs
Cristiani
CritterWare
Crofton
Croota
Crosley Radio
Crown Pet
Cruiser Accessories
Crystal Doll
Crystal Kobe
Cumberland Bay
Current/Elliott
Curtis Computer Products
Curvation
Curvy Couture
Custom Variety Pack
Cutter & Buck
CW-X
Cygnus
Cynthia Howie
Cynthia Steffe
Cynthia Vincent
Cypress Links
D'Addario
Dainese
DAKS
Da-Nang
Daniel Cremieux
Daniel Ellissa
Danielson Designs
Danier
DANISH ENDURANCE
Danner Inc
Dantelle
Dashmat®
Dave & Johnny
David & Goliath
David Brooks
David Carey
David Dart
David Kahn
David Meister
David Taylor
David Warren
Dazzle Multimedia
DBX
DC Sports
Debbie Morgan
deBeer
DECKY
DecoLav
Delkin
Delta Burke
Deltana
Denim & Co.
Denim & Supply Ralph Lauren
Denim Riders
Dennis Basso
Denso
Dessy Collection
Destination Maternity
Devon & Jones
Dex Baby
Diamond Select
Diane Gilman
Diaper Dekor
Diaper Dude
Diono
Disney Interactive
Disney Pixar Planes
Disney Press
Dittos
Divine Rights of Denim
DivX
DKNYC
Dog MD
Dogswell
Doncaster
Donna Bella
Donna Morgan
Donna Ricco
Donnybrook
Dorel
Dorman®
Dorothy Perkins
Double Zero
Dr. Dennis Gross Skincare
Dr. Hauschka
Dr. Teal's
Drakes
Dream Dazzlers
dreamGEAR
Dscp
Duck Head
Duluth Trading Company
Dunbrooke
Duncan Toys
DV by Dolce Vita
DVS Shoe Co.
EACH X OTHER
Earnest Sewn
Earth Mama Angel Baby
Earth’s Nectar
Eastessence
Eastpak
Ecco Bella
Eclectic Products
Eddie Bauer Clothing
Edelbrock
Educational Insights
Eight Eight Eight
Ektelon
Electric Visual
Elegant Expressions
Elegant Moments
Elemis Ltd
Elenco
Elevenses
elite HOCKEY
Eliza J
Elizabeth Hurley
Ellemenno
Emachines
Emanuel Ungaro
Emerald Sundae
Emilio Pucci
Emily Ray
Endless Rose
Energizer®
Entree
Enyce Clothing
EO Essential Oils
Ergodyne
Ernie Ball
Escential Essences
Escort Radar
Especially for Baby
Especially For Kids
Essentials by Milano
Etch A Sketch
Etonic
Euro Cuisine
Euro-Pro
Eva Franco
Everly Grey
Ever-Pretty
Evriholder
Excalibur
Exergen
ExerSaucer
ExOfficio
EXP Computer
Express, Inc.
FABRIZIO GIANNI
Fabulous Frannie
Faconnable
Faithfull the Brand
Famosa America
Famous Catalog
Fanatics
Fascinations
Fashion Junkee
Fayreform
Feetures!
Fenn Wright Manson
Ferrecci
Field & Stream
Field Gear
Filthy Dripped
FIONI Clothing
Fiorentini + Baker
First Looks
Fitness Gear
Fixgear
Flavia
Floppy Products
Floracraft
Fluker's
Fluxus
Fly Society
Foley + Corinna
Folkmanis
Foot Traffic
FootJoy
For Bare Feet
Ford Motorsport
Forever Unique
FORM Athletics
Fourstar Clothing
FOX Outdoor
Foxcroft
FRAM®
Frank & Oak
Franklin Electronics
Franklin Learning Systems
Franklin Sports
Frédérique Constant
French Connection
Fresh Produce
Friskies
frogg toggs
FUBU Apparel
Fuda
Fun Years
G. Loomis
G.M. Specialties
Gap Inc.
Garfield & Marks
GEAR FOR SPORTS
Geeta
Genetic Denim
Geneva Platinum
Genica
GenOne
Gentle Giant
Gentle Souls
GeoDiscovery
GeoTrax
Gerber Childrenswear
Giacca
Gianfranco Ferre
Giftcraft
Gigatent
GiGi New York
G-III
Ginsey
Giovanni Navarre
Gitano
Glide Bikes
Glo Clothing
Global Holdings
Glo-Brite
GloFish
GloMinerals
GM Performance Parts
GNC Pets
Go Athletic Apparel
Godinger
goDog
GoGo Squeez
GoGroove Pal
GoldieBlox
Golf Pride
Goliath Games
Good Cook
Good Technology
Gorham
Gossard
Gotta Flurt
Graham & Spencer
Grannick's
Grant Thomas
Grasslands Road
GreatNeck®
Grecian Formula
Green Sprouts
Greenies
Greenleaf Dollhouses
Greenlight Collectibles
Groovy Toys
Grote
Guard Master
Guidecraft
Gunne Sax
H By Hudson
Haband
Hailey Logan
Hair Wellness Solutions
Halston
Hamilton Electronics
Hammersley
Hampshire Studio
Hannspree
Happy Chic Baby by Jonathan Adler
Harbor Bay
Hard Candy Cosmetics
Harlowe and Graham
Harold's
HarperCollins Publishers
Harriton
Hart & Huntington
Hart Schaffner Marx
Harvard Square
Hauck
Haute Hippie
Hedstrom
Hein Werner
Helmut Lang
Henry Grethel
Heritage 1981
Hill's Ideal Balance
Hill's Science Diet
Hipanema
Hippie Rose
HM Leathercraft
hm-moden
Hobie
Hohner Kids
Horizon Organic
Horny Toad
Hot Chillys
HOT MILK
House of Harlow 1960
Hugga Bebe
Huggies Goodnites
Huggies Little Swimmers
Huggies One & Done
Hyland's
Hypertech®
I Heart Ronson
Ice Clothing
I-Jam
Illesteva
Illuminations
Imaginarium
Imperial Motion
InCharacter Costumes
Indigo Brands
Indigo Moon
Indigo Palms
Industrial Cotton
Ingersoll-Rand
INHABIT
Inika
Inner Beauty
Innovation First
Innovative Designs
Instant Ocean
InStep
Intrigue
Invicta Watch Group
Iolani
ION Audio
Isabel Marant
Isabella Oliver
Isabella Rodriguez
ISDA & CO
Island Escape
Island Shores
It Figures
It's Our Time
Ivy & Blu
Ivy Crew
J & Company
J G Hook
J Kara
J L Childress
J. America
J. Ferrar
J. McLaughlin
J.Lo by Jennifer Lopez
Jack LaLanne
Jag Jeans
Jamaica Jaxx
James Jeans
James Perse
Jason Maxwell
Jay at Play
Jay Godfrey
Jazwares
JC Toys
Jenni by Jennifer Moore
Jennifer Moore
Jenny Yoo
Jeremy Scott x Adidas
Jessica Howard
JET Performance
JF J. Ferrar
JH Design
Jil Sander
Jim Dunlop
JM Collection
Joan Vass
Joe & Elle
Joe Marlin
John Ashford
John Blair
John Henry
John Meyer
John Paul Richard
John Roberts
John Varvatos Collection
John Varvatos Star USA
John Wiley
Johnny Martin
Jollychic.com
Jonathan Martin
Jones Jeans
Jones Sport
Jordan Craig
Jos. A. Bank
Joseph Ribkoff
Josephine Chaus
Joyce Chen
JS Boutique
JS Collections
JTB
Judith Hart
Juiceman
Jump Apparel
Junko Yoshioka
Just Intimates
Just Like Home
JWLA
K Advantix
K&N Engineering
K. Bell
Kae Argatherapie
