!iT Jeans
% Pure
10.Deep
191 Unlimited
1byone
21men
24/7 Comfort Apparel
24th & Ocean
2K Games
2xist
2XU
3.1 Phillip Lim
3M®
525 America
5th & Ocean
6 Shore Road
7 Diamonds
8732 Apparel
A Wish Come True
A&A Optical
A&R Sports
A.B.S. by Allen Schwartz
A.D. Sutton & Sons
A.K.A
A.L.C.
A.P.C.
a.testoni
A/X Armani Exchange
AA Aquarium
ABC Studios
abercrombie kids
Able provider
ABS by Allen Schwartz
Absorba
Abu Garcia
AC/DC
ACCEL
Accessory Innovations
Accessory Power
Accessory Workshop
Accutron
ACDelco
Acne Jeans
Acne Studios
Acorn
Acoustic Research
Acrobat
Active Wow
Activision
Actron®
Acure
Adams Golf
Add Down
Addison
Adee Kaye
adidas NEO
Adolfo
Adonna
Adrienne Landau
Advanced Graphics
Advantek
Advil
AERIN
Aero
AeroLatte
AeroPress
Afina
AGB
Agetec
Agfa
Agraria
Agua Bendita
AGUADECOCO
Ahava
Aidan Mattox
Aimee Kestenberg
Air Hogs
Air Zone
Airtex
Airwalk
AKA New York
Akademiks
Akai
AKIRA
AKOO
Akribos XXIV
Akris
Akris punto
Alan Flusser
Alba
Albert Nipon
Alberto Makali
Alcon
Alegro
Alessi
Alex & Ava
Alex Toys
Alexander Julian
Alexander Kalifano
Alexander Lloyd
Alexandra de Markoff
Alexandria
Alexis
Alexis Brittar
Alfred Angelo
Algenist
Ali & Kris
Alice & Trixie
Alice & You
Alien Workshop
Alife
All Four Paws
All Living Things
All Saints
All Sport
All That Jazz
Allegri
Allen Allen
Allen B. by Allen Schwartz
Allen Edmonds
Allen Solly
Alleson Athletic
Allison Brittney
Allison Daley
Allison Taylor
ALLOY
All-Power America
Allsop
Aloha
Alpha Industries
Alpine
Alpine Design
Altamont
Altar'd State
Alternative Apparel
Altra
Altru
Always For Me
Alyce Paris
Alyn Paige
Alythea
Amanda Smith
Ambi
Ambrielle
American Classics
American Mills
American Needle
American Tourister
American Vintage
American Weigh
Ami
AMIA
amika
Amoena
Amphibious Outfitters
Amsoil
amy coe
ANAMA
Anchor Blue
Anchor Hocking
Anderson Bean
Andis
Andrea by Sadek
ANDREA FENZI
Angelcare
Angelina
ANGL
Animal Adventure
Animal Alley
Animal Planet
Anita
Anker
Ann Marino
Anna Kostrova
Anna Sui
Anne Fontaine
Anne Michelle
Anolon
anon
Antigua
Antik Batik
Antilia Femme
Antique Rivet
Apostrophe
Aqua Clear
Aqua Lung Sport
Aquafresh
Aquarius
Aquatopia
Archaic
Archie Comics
ARCONA
Arc'teryx
Aria
Ariana Grande
Ariya
Ark & Co
Arm & Hammer
Armani
Armani Collezioni
Armani Exchange
Armani Jeans
Armor All®
Arm's Reach Concepts
Aroma
Arrid
Artful Dodger
Arturo Chiang
As U Wish
A-Shirt
Ashley B
Ashley Graham
Ashworth
ASOLO
Aspeed
Aspen Pet
Asphalt Yacht Club
Assets
ASSETS by Sara Blakely
Astroglide
AT&T
Atari
Athena
Athletech
ATI Technologies
Atlantis Toy and Hobby
ATLUS
Attends
Attention
Aubade
Audemars Piguet
AudioSource
Audio-Technica
Audiovox
Audrey Brooke
August Silk
Augusta Sportswear
Aurora World
Austin Clothing Co.
Austin Reed
Australian Gold
Authentic Original Vintage Style
Auto Expressions
Auto Meter
Auto Ventshade®
Automotive Innovations
Autumn Cashmere
Avanti
Aviator Nation
Avirex
Avon Cosmetics, Inc
AX Paris
Axcess
Axist
Azo
Azules
Azzaro
Azzuro
B Darlin
B is for Bear
B O X Packaging
B. Darlin
b. makowsky
B. Moss
B. Smart
b.o.c.
b.tempt'd
Babies R Us Infant
Babies R Us Plush
Baby Aspen
Baby Banz
Baby Be Mine
Baby Boom
Baby Brezza
Baby Bullet
Baby connection
Baby Delight
Baby Essentials
Baby Gear
Baby Legs
Baby Magic
Baby Orajel
BabyGanics
Babyhome
Bacati
Bacco Bucci
Bachmann Trains
Bachrach
Back Buddy
Back to Basics
BAD BOY
Badger Basket
Baffin
Bagatelle
Baggallini
Bailey
Baker & Taylor
Baker by Ted Baker
Bakers
Balboa Baby
Baleaf
Baltex
Bambo Nature
Bamboo Cay
Bamboobies
Banana Boat
Bananafish
Band of Gypsies
Bandai Namco
Bang & Olufsen
Banzai
Bar Lll
Baratza
Barbasol
Bare Minerals
Barefoot Dreams
Bari Jay
Barneys New York
Barron's
Barska
Basic Fun
Bassett Furniture
Bates
Batman
BaubleBar
Bausch & Lomb
Bay Studio
Bayer Expert Care
BBF
BC Footwear
BCBG Max Azria
Be Wicked!
Beach Joy
BEACH RIOT
Bear Archery
BEARPAW
Beautees
Beautifly
Beautycounter
Bebe Stores
BebeSounds
Becca
Becca Cosmetics
Bechamel
Bed Stu
BedHead
Beechnut
Begin Again
Bejeweled
Believe
Belif
Bell & Ross
Bell Sports
Bella Cucina
Bellatrix
Belldini
Belle by Sigerson Morrison
Belle Du Jour
BeMaternity
Ben Davis
Ben Hogan
Ben Marc
Ben Sherman
Benefit Cosmetics
Benetton
Bensoni Fashion House
Bepuzzled
Berek
Beretta
Bergan
Berkshire
Berne Apparel
BernzOmatic
Bershka
Bésame Cosmetics
Best Friends by Sheri
Bestever
Betsey Johnson Label
Betsy & Adam
Better Shea Butter
Bettie Page
Bettinis
Beverly Drive
Beverly Hills MD
Bh
Bialetti
Big Bang Theory
Big Boy Gear
Big Dogs
Big Time Toys
Big Wheels
Bike
Bikerwear
Bill Blass
Billionaire Boys Club
Billionaire Boys Club and Ice Cream
Billy Reid
Bio Oil
Bio Spot
Bioelements
Biossance
Bioworld
Bioworld Merchandising
Bird by Juicy Couture
Birdola
Bissell
Bite Beauty
Bitten
Bjorn Borg
Blac Label
Black Diamond
Black Halo
Black Ink Design
Black Poppy
Black Rivet
Black Scale
Blackhawk
BLACKHAWK!
Blackmilk
Blanc Noir
Blank NYC
BLANKNYC
BLANQI
Blauer
Blendtec
Blink
Blip Toys
Bliss
Blitz®
Blizzard
BLOCH
Bloomfield
Bloomingdale's
B-Low the Belt
Blowfish
Blu Pepper
Blue Asphalt
Blue Bird
Blue Box
Blue Buffalo
Blue Cult
Blue Magic®
Blue Microphones
Blue Nile
Blunt Power
Blush
BMW
Bob Mackie
BOB Strollers
Body & Hair
Body Central
Body Wrappers
Bogner
Bogosse
BOGS
Bolle
Bon Bebe
Bondi Band
Bonfire
BonJour
Bonnie Baby
Bonnie Jean
Bonobos
BonWorth
Boo!
Boogie Wipes
BooginHead
Boohoo Petite
Boohoo Plus
BOOMco.
Boon
Boots
Borghese
Born Fly
BornFree
Borrelli
Bosch
Boscia
BOSS Black
BOSS HUGO BOSS
Boston Traders
Bostonian
Botkier
Boudreaux
Boudreauxs Butt Paste
Bourbon and Bowties
Bourjois
Boutique 9
Bowery Supply
Bowflex
Boxercraft
Boy + Girl
BOYS + ARROWS
bp
Brake & Wheel Parts
Brandon Thomas
Bravado Designs
Brave Soul
BrazilRoxx
Breadman
Breckenridge
Breezies
Breitling
Brentwood
Bret Michaels
Briarpatch
Brica
Bridgestone Golf
Briefly Stated
Briggs New York
Brighton Collectibles
Briogeo
Brioni
Brittany Black
Brockum
Brookstone
Bruder Toys America
Bruin
Brut
Brute
Bubblegum
Bucket Feet
Buckley Supply Co.
Budge
Buffalo
Buffalo Games
Bugatchi
Bully Dog
Bulova
Bumble and bumble
Bumble Collection
Bumbleride
Bumkins
BumpStart
Bungalow
Burnside
butter LONDON
Buxton
Buxton Leather Goods
BVD
By Terry
C & C California Clothing
C&A
C&C California
C. O. Bigelow
C/MEO Collective
CA by vitamin A
Cabales
Cabernet
Cabin Creek
Cachet
Calgon
CALIA by Carrie Underwood
California Baby
California Concepts
California Costume Collection
California Scents
California Waves
Callisto
Calypso St. Barth
Cambio
Cambridge Classics
Cambridge Satchel
Camilia
Camilla
Camo
CAMPER
Campia Moda
Canali
Canari
Candle-Lite
Canterbury
Capcom
Capelli
Capelli of New York
Capresso
Captiva
Caramel
Caravelli
Cardi
Cardinal Industries
Cardinal of Canada
Cards Against Humanity
Carefree
Cargo
Caribbean Joe
Carlson Pet Products
Carmex
Carol Anderson
Carole Hochman
Carolina Blues
Carolina Colours
Carolina Herrera
Carol's Daughter
Carolyn Taylor
Carrhart
Carson Home Accents
Caruso
Carven
Cascade
Case Logic
Casetify
Cassandra Stone
Casual Corner
Casual Corner Annex
Casual Industrees
Catherine Malandrino
Catherine Popesco
Cathy Daniels
Cathy Jean
Catit
Caudalie
Cavi
CBK
CC Skye
CCB Collection
Cdc Clothing
Ceaco
Cecico
Céline
Cellini
Central Park West
Cepia
CeraVe
CERRUTI
Cesar
Cetaphil
Cezani
Cha Cha Vente
Chalk Line
Chamilia
Champion Sports
Champro
Chan Luu
Changes
Chann Luu
Chantecaille
Chantelle
Chapstick
Character
Charisma
Charles David
Charles Klein
Charles River Apparel
Charles Tyrwhitt
Charlie Banana
Charlie by Mattew Zink
Charlie Rocket
Charlotte Olympia
CharmLeaks
Cheetah
Chef's Choice
Chef's Secret
Chelsea & Violet
Chemex
Chequer
Chesley
Chetta B
Chevrolet
Chevron®
CHI
Chic
Chicago
Childcraft
Chilton
China Glaze Co. Ltd.
Chip & Pepper
Chloe K
Chocolove
CHOISE
Chopard
Choppers
Christian Audigier
Christian Lacroix
Christina
Christine Alexander
Christophe Robin
Christopher Blue
Chroma™
Chrome Hearts
Chromo Inc
Chronicle Books
Chuckit
Chums
Ciaté London
Cinema Secrets
CIOR
Cipo & Baxx
Circa
Circo
Circulon
Citizens of Humanity
Citizens of Humanity Jeans
Citron Santa Monica
City Chic
City Streets
City Studio
City Triangles
CJ Banks
CK Jeans
Claiborne
Clairol
Clarisonic
Clarisse
Clark's Botanicals
Classic Accessories
Classic Elements
Classic Media
Classiques Entier
Claybrooke
Clean & Clear
Clear Care
Clearasil
Cleobella
Cliff Keen
Clinique Du Rond
Clio
Clover Canyon
Club Monaco
CM Style Fashion
Cobra Electronics
Coby Electronics
Coca-Cola
Coco Rave
Coco Reef
Cocomo
Code Bleu
Coed Sportwear
Colebrook
Coleman
Colin Stuart
Collector's Gallery
College Edition
Colonial Candle
Color Oops
Colorado Clothing
Colorbok
Colorforms
Colourpop
Combi International
Comfort & Harmony
Comfort Choice
Comfort Zone
Comic Images
Commonwealth Toys
Comotomo
ComplyRight
Comptoir Sud Pacifique
Concept One
Consensus
Context
Contigo
Contours
Coobie
COOGI
Coogi Fashions
Cookie Lee
Cooks Essentials
Coola
Cooler Master
COOLMAX
Cooperative
Copco
Copper Fit
Copper Key
Coral Bay
Cordani Shoes
Corolle
Corona
Corral
Corsair
Corso Como
Cosabella
Costume Super Center
Cotton Express
Cotton Heritage
Cotton Tale Designs
Coty, Inc.
Coulbourne
Counterparts
Courtenay
Cover Fx
Cover Girl
Coverking
Crabtree & Evelyn
Craftsman
Cra-Z-Art
Crazy Horse
Creative Designs
Creative Labs
Creative Recreation
Creed
Cremieux
Cristiani
CritterWare
Crofton
Croota
Crosley Radio
Crown Pet
Cruiser Accessories
Crystal Clear
Crystal Doll
Crystal Kobe
Crystal Rock
Cubavera
Cumberland Bay
Curel
Current/Elliott
Curtis Computer Products
Curvation
Curvy Couture
Custo Barcelona
Custom Variety Pack
Cutie Pie Baby
Cutter & Buck
CW-X
Cygnus
Cynthia Howie
Cynthia Steffe
Cynthia Vincent
Cypress Links
Cyrus
D'Addario
Dainese
Dakine
DAKS
Dale Of Norway
Dalia
Da-Nang
Dandelion
Daniel Cremieux
Daniel Ellissa
Daniel Rainn
Danielle Nicole
Danielson Designs
Danier
DANISH ENDURANCE
Danner Inc
Dansk
Dantelle
Dark Horse
Dashmat®
Dave & Johnny
David & Goliath
David Brooks
David Carey
David Dart
David Kahn
David Meister
David Taylor
David Warren
Dawgs
Dazzle Multimedia
DBX
DC Sports
DCC
DDF
De La Mer
Debbie Morgan
deBeer
deborah lippmann
DECKY
Deco Mesh
DecoLav
Deena & Ozzy
Deer Stags
Deletta
Delia's
Delkin
DeLONG
DeLonghi
Delta Burke
Deltana
DeMarini
Demdaco
Denali
Deni
Denim & Co.
Denim & Supply Ralph Lauren
Denim Riders
Dennis Basso
Denon
Denso
DenTek
Derek Lam
Dereon
Dermal
Descente
Design History
Desitin
Dessy Collection
Destination Maternity
Deux Lux
DevaCurl
Devon & Jones
Dex Baby
Dexter
Dial
Diamond
Diamond Plate
Diamond Select
Diamondback
Diane Gilman
Diaper Dekor
Diaper Dude
Diaper Genie
Diba
Dingo
Diono
Diptyque
DIRECTV
Disguise
Disney Baby
Disney Interactive
Disney Pixar Planes
Disney Press
District
District Threads
Dittos
Diva
Divine Rights of Denim
DivX
DJI
DKNY Jeans
DKNYC
DL1961
Doe
Dog Games
Dog MD
Dogswell
Dolfin Swim
Dollar Shave Club
Dollie & Me
Donald J. Pliner
Donald Trump
Doncaster
Donna Bella
Donna Karan
Donna Karen
Donna Morgan
Donna Ricco
Donnybrook
Dora the Explorer
Dorel
Doris
Dorman®
Dorothy Perkins
Dotti
Double Zero
Douglas
Downy
DP
Dr. Brandt
Dr. Dennis Gross Skincare
Dr. Hauschka
Dr. Miracle's
Dr. Seuss
Dr. Teal's
Dragon Alliance
Dragonfly
Drake
Drakes
Dream Dazzlers
Dream Lites
dreamGEAR
Dreamgirl
Dreamworks Animated
Dremel
Dress Barn
DRI DUCK
Drinkwell
Drunk Elephant
Drybar
Dscp
Dsquared
Dubble Bubble
Duck Commander
Duck Head
Ducks Unlimited
Duluth Trading Company
Dunbrooke
Duncan Toys
Dunlop
DUO
Duo Maternity
Duracell
Durango
DuWop
DV by Dolce Vita
DVS
DVS Shoe Co.
Dyson
EA Sports
EACH X OTHER
Earl Jeans
Earnest Sewn
Earth Mama Angel Baby
Earth’s Nectar
Easel
Eastessence
Eastland
Eastpak
Easy Spirit
Eberjey
Ecco Bella
Eclectic Products
Ecote
Ecotools
Eddie Bauer Clothing
Edelbrock
Edu Science
Educational Insights
EDUN
Eight Eight Eight
EK Success
Ektelon
Elan
Electric Visual
Electric Yoga
Electronic Arts
Elegant Expressions
Elegant Moments
Elemis Ltd
Elenco
Elevenses
ELF
Elf on the Shelf
Elie Saab
Elie Tahari
elite HOCKEY
Eliza J
Elizabeth Hurley
Elizavecca
Ella Moss
Ellemenno
Elliott Lucca
Elomi
Elwood
Emachines
Emanuel Ungaro
Ematic
Emerald Sundae
Emerica
Emerson
Emile et Rose
Emilio Pucci
Emily Ray
Eminence
Emma Fox
Emporio Armani
Emson
Emu
Endless Rose
Energizer®
English Laundry
Enjoi
Entree
Enyce
Enyce Clothing
EO Essential Oils
Epic Threads
Ergodyne
Eric Carle
Eric Javits
Erika
Ermenegildo Zegna
Ernie Ball
Escante
Escential Essences
Escort Radar
eshakti
Especially for Baby
Especially For Kids
ESPN
Essence of Beauty
Essentials by Milano
Estes
Etch A Sketch
ethika
etnies
Etonic
Etro
Eucerin
Euro Cuisine
Euro-Pro
Eva Franco
Everly
Everly Grey
Ever-Pretty
EVGA
EVISU
EvoShield
Evriholder
Excalibur
Excell
Exergen
ExerSaucer
ExOfficio
EXP Computer
Express, Inc.
Exuviance
Ezekiel
Faber-Castell
FABRIZIO GIANNI
Fabulous Frannie
Faconnable
Faithfull the Brand
Fake Bake
Falls Creek
Family Guy
Famosa America
Famous Catalog
Famous Stars & Straps
Fantasie
Farmacy
Farsali
Fashion Fair
Fashion Forms
Fashion Junkee
Fashionomics
Fatal Clothing
Fathead
Fayreform
Feetures!
Fekkai
FELICITY & COCO
Fellowes
Fenn Wright Manson
Fergie
Ferragamo
Ferrecci
Fetco
Field & Stream
Field Gear
Fifth Sun
Filson
Filthy Dripped
Finders Keepers
Finish Line
FIONI Clothing
Fiore
Fiorentini + Baker
Fire Los Angeles
First Act
First Aid Beauty
First Alert
First Impressions
First Issue
First Looks
First Wave
Fitness Gear
Five Four
Fixgear
Fixodent
Fjallraven
Flavia
Flax
Flirtitude
Floppy Products
Floracraft
Florsheim
Flow Society
Fluker's
Fluxus
Fly London
Fly Society
Flying Tomato
Flynn Skye
Foley + Corinna
Folkmanis
Foot Locker
Foot Traffic
FootJoy
For Bare Feet
For Joseph
For Love and Lemons
FORAY
Ford Motorsport
Forecaster of Boston
Foreign Exchange
Foreo
Forever Unique
FORM Athletics
Forplay
Foster Grant
Foundry
Fourstar Clothing
FOX Outdoor
Foxcroft
FRAM®
Frame Denim
Francesco Biasia
Franco
Franco Sarto
Frank & Oak
Frankie B
Franklin Electronics
Franklin Learning Systems
Franklin Sports
Fred Perry
Frédérique Constant
French Connection
French Toast
Frenchi
Fresh
Fresh Produce
Freshly Picked
Freshman
Frigidaire
Friskies
frogg toggs
Frontline
Frost Cutlery
FUBU Apparel
Fuda
Fujifilm
Fun Years
Funrise
Funtasma
FX
G. Loomis
G.H. Bass & Co.
G.I. JOE
G.M. Specialties
Gabriel
GAIAM
GAIN
Gamo
Gant
Gap Inc.
Garage
Garfield & Marks
Gatorade
GBC
GBX
GEAR FOR SPORTS
Gearbox
Geeta
GEIGER
Generra
Genetic Denim
Geneva Platinum
Genica
GenOne
Gentle Giant
Gentle Souls
GeoDiscovery
Georgia Boot
Georgiou
GeoTrax
Gerber Childrenswear
Gerber Foods
Gevalia
Ghast
Giacca
Gianfranco Ferre
Giani Bernini
Giftcraft
Gigabyte
Gigatent
GiGi New York
G-III
Gillette Venus
Gimmick
Ginsey
Giordano
Giorgio Armani
Giorgio Brutini
Giovanni
Giovanni Navarre
Girbaud
Giro
Gitano
Giuseppe Zanotti
GK
Glamglow
Glamorise
Glide Bikes
Glo
Glo Clothing
Global Holdings
Glo-Brite
GloFish
GloMinerals
Gloria Vanderbilt
GM
GM Performance Parts
GNC Pets
Go Athletic Apparel
Godinger
goDog
GoGo Squeez
GoGroove Pal
GOLD TOE
GoldieBlox
Gold's Gym
Golf Pride
Goliath Games
Good Cook
Good Technology
Goodie Two Sleeves
Goody
Goodyear
GoPro
Gossard
Gossip Girl
Got 2B
Gotcha
Gotta Flurt
Gottex
GPX
Grace Elements
Grace Karin
Gracia
Graham & Spencer
Grand Slam
Grane
Grannick's
Grant Thomas
grass
Grasslands Road
Great Expectations
Great Northwest
GreatNeck®
Grecian Formula
Green Apple
Green Sprouts
Green Toys
Greenies
Greenleaf Dollhouses
Greenlight Collectibles
Greg Norman
Gregory
Greylin
Griffin
Groovy Toys
Grote
Grreat Choice
Gryphon
G-Star
Guard Master
Guess by Marciano
Guidecraft
Guinness
G-Unit
Gunne Sax
Guy Harvey
GX by Gwen Stefani
Gypsy 05
H By Hudson
Haband
Haggar
Haier
Hailey Logan
Hair Wellness Solutions
Hale Bob
Halston
Hamilton Collection
Hamilton Electronics
Hammersley
Hampshire Studio
Hanky Panky
Hanna Andersson
Hannspree
Hape
Happy Baby
Happy Chic Baby by Jonathan Adler
Happy Socks
Harbor Bay
Hard Candy Cosmetics
Hard Rock Cafe
Hardwood Classics
Harlowe and Graham
Harold's
HarperCollins Publishers
Harrington
Harris Tweed
Harriton
Harrow
Hart & Huntington
Hart Schaffner Marx
Hartstrings
Harvard Square
Harve Benard
Hathaway
Hauck
Haute Hippie
Hawk
Hayabusa
Haynes
Hazel
HDE
Head & Shoulders
HeartSoul
Hedstrom
Heelys
Hein Werner
Heinz
Heirloom Collectibles
Helix
Helly Hansen
Helmut Lang
Henckels
Henry Grethel
Herbal Essences
Heritage 1981
Hershey
Herve Leger
Hickey Freeman
High Sierra
Highlander
Highway Jeans
Hikari
Hilfiger Denim
Hill's Ideal Balance
Hill's Science Diet
Hind
Hint
Hipanema
Hippie
Hippie Rose
Hitachi
Hi-Tec
HM Leathercraft
hm-moden
Hobie
Hohner Kids
Hoka One
Holden
Holloway
Home Depot
Home-it
Honda
Honeywell
Honolua
Horizon Organic
Horny Toad
Hot Chillys
HOT MILK
Hourglass
House of Harlow 1960
Howard Miller
Howe
Hublot
Hudson
Hudson Baby
Huffy
Hugga Bebe
Huggies Goodnites
Huggies Little Swimmers
Huggies One & Done
Hugo Boss
Hunt Club
Hustler
Hyland's
Hyperlite
Hypertech®
I Heart Ronson
Iams
Ice Clothing
Icebreaker
Igloo
I-Jam
iLive
Illamasqua
Illesteva
Illuminations
Imaginarium
IMAN
Imperial Motion
Impossible
Impressions
In Bloom by Jonquil
InCharacter Costumes
Indah
Indie
Indigo Brands
Indigo Moon
Indigo Palms
Industrial Cotton
Infinity Raine
Ingear
Ingersoll-Rand
Inglesina
Ingrid & Isabel
INHABIT
Inika
Inner Beauty
Innova
Innovation First
Innovative Designs
Inov-
Instant Ocean
Instantly Ageless
InStep
Intel
InterAct
Intex
Intrigue
Investments
Invicta Watch Group
Iolani
ION Audio
Iris
iris & ivy
Irish Setter
Irish Spring
IRO
iRobot
Iron Maiden
Iron Man
Isabel Marant
Isabella Oliver
Isabella Rodriguez
ISDA & CO
ISIS
Island Escape
Island Shores
Islander
Issey Miyake
It Figures
Itech
It's Our Time
Ivy & Blu
Ivy Crew
iXCC
J & Company
J G Hook
J Kara
J L Childress
J Workshop
J&L
J. America
J. Ferrar
J. Jill
J. McLaughlin
J.Lo by Jennifer Lopez
Jac Vanek
Jacadi
Jachs
Jack by BB Dakota
Jack Daniels
Jack LaLanne
Jack Spade
JACO
Jacques Moret
Jafra
Jag Jeans
Jagermeister
Jamaica Bay
Jamaica Jaxx
Jambu
James Jeans
James Perse
Jams World
Jane Ashley
JanSport
Jantzen
Jason Maxwell
Jason Wu
Jay at Play
Jay Godfrey
Jazwares
JC Toys
Jean Paul Gaultier
Jeanne Pierre
Jeffrey Campbell
Jenni by Jennifer Moore
Jennifer Moore
Jenny Yoo
Jen's Pirate Booty
Jensen
Jeremy Scott x Adidas
Jergens
Jessica Howard
JET Performance
Jezebel
JF J. Ferrar
JH Design
Jil Sander
Jim Dunlop
JM Collection
JNCO
Joan & David
Joan Rivers
Joan Vass
Joby
Joe & Elle
Joe Fresh
Joe Marlin
Joe Rocket
John Ashford
John Blair
John Deere
John Frieda
John Hardy
John Henry
John Meyer
John Paul Richard
John Roberts
John Varvatos
John Varvatos Collection
John Varvatos Star USA
John Wiley
Johnny Martin
Johnny Was
Johnston & Murphy
Joico
Jollychic.com
Jonathan Adler
Jonathan Martin
Jones Jeans
Jones Sport
Jordan Craig
Jos. A. Bank
Josef Seibel
Joseph A
Joseph Ribkoff
Josephine Chaus
Josie
Josie Maran
Jostar
Jou Jou
Joujou
Joules
Journee Collection
Journey Girls
Joyce Chen
Joyce Leslie
Joyrich
JS Boutique
JS Collections
JTB
Judith Hart
Judith March
Juice Beauty
Juiceman
JuJu
Julep
Julie Brown
Juliette Has a Gun
Jump Apparel
Jun Planning
Junk Food
Junko Yoshioka
Just Born
Just Cavalli
Just Intimates
Just Like Home
Just Love
JWLA
K Advantix
K Studio
K&H
K&N Engineering
K. Bell
K2
Kae Argatherapie
Kaii
