Kailijumei Lipsticks
Kaktus
Kalencom
Kalorik
Kama Sutra
Kamik
Kanebo
KangaRoos
KAPLAN MD
KaRa
Kardashian Kids
Karen Kane
Karen Millen
Karen Neuburger
Karen Scott
Karin Stevens
Karl Lagerfeld
Karma
Kasper
Kat Von D Beauty
Kate Aspen
Kate Hill
Kate Landry
Kathie Lee
kathy ireland
Kathy Lee
Katia
Katie B.
Katydid
Kawasaki
Kay Unger
Kaytee
Kc Collections
KDLINKS
Keekaroo
KEEN
Keepsake the Label
Kelly & Katie
Kelsi Dagger
Kelty
Kenar
Kendall
Kenneth Cole
Kensington
Kenwood
Kenzo
Keranique
Kerusso
Key
Khombu
kiara
Kickee Pants
Kickers
KidCo
KiddieLand
KidKraft
Kids Headquarters
Kids Preferred
Kidsline
Kidz Bop
Kiinde
KIINI
Kikit
Kikkerland
KIKO MILANO
Kim Rogers
KinderGlo
King Baby Studio
Kingston
Kirkland Signature
Kirra
Kische
Kiss Me
Kiss My Face
Kiton
Kiyonna
Kleenex
Klipsch
Klorane
Klutz
KMS California
Knights Sportswear
Knightsbridge
Knocker
Koala Baby Boutique
Koala Kids
KoalaKin
Koh Koh
Kolcraft
Koman
Kooba
Koolatron
Kopari
Koret
Korres
Koss
KR3W
Kraco
Krazy Kat
KRE-O
Krista Lee
Kristen Blake
Krush
Kryolan
Kryptonics
Kryptonics Skateboards
Ksubi
Kuhl
Kurgo
Kurio
Kushies Baby
Kyjen
L.A. Blues
L.A. Gear
L’Occitane
La Blanca
La Cabana
La Femme
La Girl
La Perla
La Prairie
La Redoute
La Roche-Posay
LA Splash
La Sportiv
LaBelle
Labtec
LaCrosse Footwear
Lady Hagen
Lady Noiz
Lafayette  New York
Lafayette 148 New York
Laguna Beach
Laguna Beach Jeans
Lakai
LAmade
LaMarque
Lampe Berger
Lancôme
Landau
Lapis
Laredo
LaROK
Larry Levine
Lasko
Last Kiss
LAT
Latique
Laundry by Design
Laundry by Shelli Segal
Laura Geller Makeup
Laura Scott
Laurel Burch
Lauren Moshi
Lavazza
LawMan
Lazy Oaf
Le Creuset
Le Mystere
Le Tigre
Leachco
Leading Lady
Learning Curve
Learning Resources
Leather Gallery
L'eggs
lei
Lela Rose
Lemon Grass
Lennie for Nina Leonard
Lenovo
Leota
Letarte
Leupold
Lexar
Lexmark
Libbey
Liebeskind
Life Stride
Lil Critters
Lil' Joey
Liliana
Lilith
lillebaby
Lilli Ann
Lillie Rubin
Lily Rose
Lily White
Lilyette
Lime Crime Cosmetics
Limited Too
Line & Dot
Linea Donatella
Linea Pelle
Lionel
Lions Gate
LipSense
Lipstick Bandit
Lipstick Boutique
Lipstick Queen
Lipsy
Liquid Blue
Lisa Maree
Listerine
Lite Brix
Litter Genie
Little Gifts
Little Kids
Little Lass
Little Me
Little Me Childrens Wear
Little Mistress
Little Pim
Little Remedies
Little Trees
Live a Little
Liverpool Jeans Company
Living Dead Souls
Living Proof
Living Textiles
Livinglibations
Lixit
Liz & Co.
Liz Baker
LK Bennett
Lladro
Local Celebrity
Local Motion
Lodge
Lodis
Loewe
Lojas Riachuelo
Lole
Lolita
Lolli swim
Lolly Wolly Doodle
Longines
Longitude
lonna & lilly
Lord & Taylor
Lorna Jane
Loro Piana
Lotus Traders
Lou & Grey
Loudmouth Golf
Louis Garneau
Louis Raphael
Loungefly
Love By Design
love on a hanger
Love Riche
Love Squared
Love Stitch
Loveappella
Lovers + Friends
Lowa
Luca Luca
LucasArts Entertainment
Lucca
Lucchese
Lucien Piccard
Lucky Dog
Lucy Activewear
Lucy Brand
Lucy Love
Lugz
Luichiny
Luli Fama
Lullaby Earth
Lulu
Lulu Frost
Lulu Guinness
Lulu Townsend
LulyBoo
Lumisource
Lunaire
Lush Clothing
Luvable Friends
Lyle & Scott
Lyons / Hit Ent.
Lyons Hit Entertainment
QALO
Quality Park
Quantum
Que
Quiksilver Waterman Collection
Quinny
R&K Originals
Rabbit Designs
RACHEL PALLY
Rachel Pally White Label
Rachel Roy
Raf Simons
Rafaella
Rafe
Rage Broadheads
Rags to Raches
Rain-X
Raisins
Ralph Lauren Black Label
Ralph Lauren Blue Label
Ralph Lauren Collection
Rand McNally
Random House
Rare Editions
Rasco FR
Raskullz
Ravebsburger
Raven Denim
Ravensburger
RAVPower
Raw State
RaZbaby
RBK
RD style
Reader's Digest
Real Clothes
Real Techniques
Reba
Rebecca Taylor
Rebel Spirit
Rebel Yell
Rebellious One
Reclaimed Vintage
Recoton
Red Ape
Red Camel
Red Carpet Manicure
Red Engine
Red Haute
Red Kap
Red Monkey
RED Valentino
Red Wing Shoes
RedHead
Redington
Reed
Reeds Jewelers
Reference Point
Reflections
Regalo
Reign
Relativity
Remain
Remington
REN
Rena Rowan
Renew Life
Renu
Renuzit
Rep-Cal
Replogle
Report Collection
Resistol
Restoration Hardware
Retro Chic
Retrofit
Reunion
Reusch
Revell
Revere
Reverie
RevitaLens
Revlon Colorsilk
Revlon Group
Revo
Revolt
Revolution
Reyn Spooner
Rhapsody
Rhonda Shear
Rich & Skinny
Richell
Riders
Riders by Lee
Riff Stars
Rihanna
Rimini
Ring of Fire
Rio Grande Games
Rioni
riot society
Rip Curl
Ripple Junction
Riva Designs
River Island
Riviera
RJ Story
RLX Ralph Lauren
Road Rippers
Robert Friedman
Robert Rodriguez
Robert Talbott
Roberta
Roberto Cavalli
Robin Piccone
RoC
Rocawear Clothing
Rock Chang
Rockies
Rocksmith
Rockstar
Rockstar Games
Rocktape
ROCKY
Rocky Brands, Inc.
Rodan and Fields
Rodd & Gunn
Rogue
Roller Derby
Rollerblade
Romeo & Juliet Couture
Romy
Ronco
ROOK
RoomMates
Roper
RoseArt
Roses by Reem Acra
Rosetti
Rosewill
Rossignol
Rothco
Rothschild
Roulette
Roundtree & Yorke
Rowan
Rowdy Gentleman
Royal Apparel
Royal Robbins
Royce
RRL
Rubbish
Rubies Costume Company
Ruby Rd.
Ruehl No. 925
Ruff Hewn
Rugged Earth Outfitters
Rugged Ridge
Rumparooz
Rusk
Russell
Rustler
Rustlers
RXB
Ryka
S by Safety st
Sacred Threads
Saddlebred
Sadie & Scout
Safety 1st
Saffron Rouge
Sag Harbor
Saint Tropez West
Sakar International
Saks Fifth Avenue Black Label
Saladmaster
Salt Lake Clothing
Salt Water Sandals by Hoy
Salt Works
Samsonite
Samuel Dong
Samy
San Diego Hat Company
Sandra Darren
Sandra Ingrish
sandro
Sangean
Sangria
Sanrio
Sans Souci
Sansabelt
Sante
Sanyo
Sarah Peyton
Sarah Spencer
SAS Safety Corp.
Sasson
Sassy
Savane
Savannah
Save the Queen
Savile Row
Savvy
Saxx
Scala
Scarlett
Scarpa
ScentBlocker
Scholastic Children
School Zone
Schott
Schott Leather Jackets
Schumacher Electric
Schutt
SCHUTZ
Schwarzkopf
Schylling
Scientific Explorer
Scoop Free
Scoots
Scope Brand Shop
Scosche
Scotch & Soda
Scott McClintock
Scott®
Screen Stars
Scrub Daddy
Scully
Scunci
Seachem
Seafolly
Sealy Mattresses
Sean Collection
Sean John Fashion
Sebago
Sebastian
Sebastian Professional
See by Chloe
See Kai Run
seeyou
Sejour
Sennheiser
Sensio
Senso
Sensodyne
Sentry
Sephora Favorites
SEPHORA+PANTONE UNIVERSE
Seraphine
Sere Nade
Seresto
Serta
Seven Dials
Seven7
Seychelles
Shabby Chic
Shaka Wear
Shane Company
Sharagano
Sharp
Shasa
Shaun White
She and Sky
Shea Moisture
Sheffield Knives
Shenanigans
Sherpa
Shift Management
Shimano
ShindigZ
Shinola
Shock Absorber
Shock Doctor
Shoreline Marine
Shoshanna
Show Me Your MuMu
Showtime
ShuShop
Shyanne
Sideout
Signorelli
Sigrid Olsen
SIGVARIS
Silhouette
Silhouettes
Silkies
Silkland
Silly Bandz
Silver
Silver Star
Silverlit
Simmons
Simms
Simon & Schuster
SimpleHuman
Simplicity
Simply Irresistible
Singing Machine
Sirius Satellite Radio
Siwy Jeans
SJB Active
SJP by Sarah Jessica Parker
Skagen
Skechers Kids
Sketchers
SK-II
Skilcraft
Skin Inc.
Skin Industries
Skin Laundry
SkinCeuticals
Skinny Minnie
Skintimate
SKLZ
Sky Organics
SkyCaddie
Skywalker Trampolines
SL Fashions
Slazenger
Sleeping on Snow
Slim Line
Slime®
Slinky Brand
Smart Games
Smart Gear
SmartCat
Smartzone
Smashbox Cosmetics
Smead
Smet
Smith Optics
Smithsonian
Smoky Mountain
Smythe
Snap-on
Snark
Snuggie
Social Collision
Sock It to Me
Sof Sole
Sofft
Soft Joie
Softsoap
Sol de Janeiro
Sole Society
Soludos
Solvit
Somedays Lovin
Sonia Kashuk
Sonia Rykiel
Sonic Scrubber
Sonix
Sony Computer Entertainment
Sony Electronics
Sophia
Soprano
Sorel
Sorrelli
Soulmates
South Pole
Southern Enterprises
Sovereign Code
Soybu
SPA Accessoires
SPARIN
Sparks
Sparrow
Speck
Spectra
Spectrum
SpeeCo
Speed Stick
Spenser Jeremy
Spiderman
Spider-Man
Spiderwire
Spiegel
Spigen
Spin Masters
Spitfire
Splash
Splat
Split
Spool 72
Sport Savvy
SportBrain
Sprout
Square Enix
Squeeze
Srixon
St. Croix
St. Ives
St. John
St. Tropez Tanning Essentials
Stacy Adams
Stampd
Stanley
Staple
Star City
Staring at Stars
Starmark
Startee
Stats
Steadfast Brand
Stedman
Stefano Ricci
Stenay
Stephen Webster
Sterling Industries
Sterling Publishing
Stetson
Steve & Barry's
Steve Harvey
Steven Alan
Steven by Steve Madden
Stila Cosmetics
Stitches
Stitch's
Stone Cold Fox
Stonebridge
Stoosh
Stop Staring
Storkcraft
Stormtech
Stranded
Streamlight®
String Swing
StriVectin
Stuart Weitzman
Studio Ease
Studio I
Studio Works
Studio Y
Stuhrling Original
STX
Style & Co
Styli-Style
Sue Devitt
Sue Wong
Sugarpill
SUGOI
Suit Studio
Sullen Clothing
Sultra
Sumersault
Summer Breeze
Summit Toys
Sun Mountain
Sun River
Sunbeam
Sundance
Sunday Riley
Sundog
Sunny Leigh
Super Pet
Super Stroke
Super Sunglasses
Superdry
Superga
Superior
Supra
Surfside Supply
Susan Bristol
Susan Lawrence
Susana Monaco
Sutton Studio
Suzi Chin
Swaddle Designs
SWAK
Swatch
Swedish Hasbeens
Sweet Heart Rose
Sweet Jojo Designs
Sweet Pea
Swiffer
Swimways
Swingster
Swiss Legend
Swix
Syroco
