47
!iT Jeans
% Pure
.DS_Store
10.Deep
2XU
Academy
ACCEL
Act
Addison
Adonna
Advent
Advil
Aero
Afina
AGB
AKIRA
AKOO
Alcon
Alia
Alife
All Sport
Allure
Alternative
Altra
Ambi
Ami
AMIA
ANAMA
AND
ANGL
Anita
Anker
Ann
anon
Aqua
Aria
Army
Aroma
Ash
Ask
Athlete
Atmosphere
Audi
Audiovox
Azo
Ball
Bamboo
Ban
Bh
Bike
Blair
Blank
Blind
BLUE
Boo!
Boon
Boots
Bounce
bp
Brica
Budge
Buffalo
Cactus
Cake
Camo
CAMPER
Canvas
Caramel
Cardinal
Carnival
Castle
Casual
CAT
Cavi
Century
Changes
Channel
Character
Charisma
Cheetah
CHI
Chic
Chicago
Christina
CK Jeans
CLEAN
Closet
Coast
Cobra
Com
Combi
Complete
Connected
Cooper
Cos
Crane
Creature
Curve
Curves
Cutters
Dalia
Dandelion
Dawgs
Dazzle
DCC
Denali
Deni
Dial
Diamond
Diba
Diva
Doe
Donald Trump
Dotti
Dragon
Dragonfly
Drake
Easel
Eden
Edge
EDUN
Elan
Elements
ELF
Elite
Elixir
Ellison
Elmo
Elwood
Ematic
Emson
Emu
Erika
ESPN
Essentials
Estes
etnies
Etro
Everly
Evolution
Excell
Expressions
Fairway
Fast Lane
Ferrari
Fetco
Fever
Filter
Flamingo
Flax
Flexi
Flip
Flirt
Focus
Ford
Forecaster of Boston
Foreign Exchange
Freeze
Fresh
GAIN
Gallery
Galt
GAME
Gamo
Gant
Garage
Gatorade
Gear
Ghast
Ghost
Giant
Gibson
GK
Glo
Global
Globe
GM
Goddess
Goody
Grace
Griffin
GUM
Hammer
Hape
Hawk
Hayabusa
HDE
HEAD
Heritage
Hind
Hint
HO
Honda
Horizon
Howe
HUGO
Iams
Ice
Iceberg
Icon
Igloo
Imagine
IMAN
Imperial
Impossible
Impressions
Indie
Innova
Inspire
Intel
InterAct
Investments
Iris
IRO
ISIS
Islander
Itech
JACO
Jeep
Jensen
Johnson
Joie
JUMP
K & W
K Studio
K&H
K2
