M by Marc Bouwer
M Missoni
M&M
M&O KNITS
M.I.A.
Mac & Jac
Mackage
Mackintosh
Maclaren
Mad Catz
Mad Engine
Madam C.J. Walker Beauty Culture
Madeline Stuart
Madison Leigh
Madison Studio
Maeve
Mag 1
Magaschoni
Magellan®
Magenta
Mag-Float
Magformers
Maggie Sottero
Maggy London
Magic Chef
Magic Sports
MagicFiber
Magicsuit
Magnavox
Magnolia
Magnum
Mainstreet Blues
Maison Goyard
Maison Jules
Maison Margiela
Maison Martin Margiela for H&M
maje
Makeup Eraser
Makeup Forever
Malibu
MAM
Mamas & Papas
Mammut
Mandalay
MANDALYNN
mandee
Manduka
Manga
Manhattan Toy
Mani
Mansur Gavriel
Mar Y Sol
Marc Ecko
marc ecko enterprises
Marc Fisher
Marc New York
Marcelo Burlon County of Milan
Marco Santi
Margarita
Marina
Marineland
Mario Badescu Skin Care
Marisa Christina
Marks and Spencer
Marsh Landing
Marshall
Martin Margiela
Marvel Universe
MarvelBeads
Marvin Richards
Mary Grace Swim
Marysia Swim
Maternal America
MATRIX
Matt Bernson
Matty M
Maui Jim
Mavi Jeans
Max & Mia
Max and Cleo
Max Azria
Max Edition
Max Mara
Maxell
Maxfli
Maxima
Maxine of Hollywood
Maxtor
May Queen
Maya
Maybelline New York
McDavid
McFarlane Sports
McGregor
McGuire Denim
McKenzie
me too
Mecca
Meccano
Mechanix Wear®
Mederma
Mediasonic
MeDusa
Mega Brands
Mega Hobby
Mehron
MEK
Mel by Melissa
Melannco
Melissa McCarthy
Melissa Odabash
Melitta
Melt Cosmetics
Members Only
Meme
Memorex
Men's Warehouse
Meow Mix
Mephisto
Mercer
Merle Norman
Merle Norman Cosmetics
Mermaid Maternity
Metaphor
Metra Electronics
Metro Pink
Metrokane
Mexx
Miami Ink
Michael Antonio
Michael Brandon
Miche
Mickey Mouse
Micro Innovations
Midland
Midtronics
Midwest
Mighty Fine
Mika Yoga Wear
Mikasa
Miken
Mikimoto
Milano
MILK MAKEUP
Milk-Bone
Millau
Miller's Forge
Milly
Mimi Chica
Mimi Maternity
Minecraft
Mineral Fusion
Ming Wang
Mini Boden
Mini Melissa
MINIMALE ANIMALE
MINKPINK
Minnie Mouse
Minnie Rose
Minolta
Miraclesuit®
Misfits
Mishka
Miskeen
Misook
Miss Chievous
Miss Dorby
Miss Elaine
Miss Jessie's
Miss Selfridge
MISS SIXTY
Misty Harbor
Mitre
Mitsubishi
Mix Nouveau
ML Monique Lhuillier
MM Couture
MMA Elite
Moa Moa
Modena
Modern Culture
Mojo Moxy
Molly Malloy
Mommy's Helper
Momo Maternity
Monarchy
Monet
Mongoose
Monistat
Monoprice
Monster Cable
Monteau
Monterey Club
Moon Boot
Moose Mountain
Mopas
Mophie
Morgan
Morgan & Co.
Morgan Taylor
Moroccan Oil
Mossy Oak
Motel Rocks
Moth
Motor Trend
Motorola Consumer Radios
Motto
Moulinette Soeurs
Mountain Buggy
Mountain Khakis
Mountain Lake
Movado
Mr. Coffee
Mr. Tea
MSI
Mud Pie
Mueller
Muk Luks
MunsingWear
Murad
Murano
Music Little People
Mustard Seed
Mustela
MV Sport
MXM
My Baby Sam
MyChelle Dermaceuticals
Mycra Pac Designer Wear
Mylec
Mystic
MZ Wallace
N.Y.L.A.
Nabisco Variety
Nair
Naked & Famous
Nambe
Nana
Nancy Ganz
NanoBlock
Naomi & Nicole
Narciso Rodriguez
Natasha Denona
National Geographic
Natori
Natsume
Natural Expressions
Natural Fitness
Nature's Variety Instinct
naughty monkey
NBN Gear
NeatNik
NEC Technologies
Necessary Clothing
Necessary Objects
Neewer
Neil Allyn
NeoCutis
Neosporin
Nespresso
New Arrivals
New Bright
New Directions
New York Color
NEXXUS
NIC+ZOE
Nicklaus
Nicola
Nicole by Nicole Miller
Nicole Lee
Night Moves
Nila Anthony
Nina
Nina Leonard
Nina Ottosson
Nina Ricci
Niteline
NIX
No Fear
No Nonsense
NO-AD
Nobo
NoJo
Nook
Nor Cal
Nordstrom Baby
Norma Kamali
Norpro
North End
North States
NorthCrest
Northwest Territory
Norton McNaughton
Nostalgia
Not Your Daughter's Jeans
Not Your Mother's
Nothing But Love
Notify
Novella Royale
Noxzema
Nubian Heritage
Nuby
NUDESTIX
Nudie Jeans
Nunn Bush
nununu
NuRoo
Nursery Fresh
Nurture by Lamaze
Nutrabella
Nutri-Vet
Nutro Max
NVIDIA
NY Collection
NY Jeans
NYC
Nyko
Oakley, Inc.
Oalka
Oasis
Obagi
Obermeyer
Ocean Current
Ocean Drive
Ocra
October Love
Odille
office supply brands
OGIO®
OGX
Oh Baby by Motherhood
Oh! Mamma
Oilily
Oki
Old Glory
Old Gringo
Old Soles
Old Spice
Ole Henricksen
Oleg Cassini
Olian
Oliver Peoples
Olivia + Joy
Olivia Moon
OLOOK
Olsenboye
OluKai
Olympus
Omega Paw
Omron
On The Fly
One Industries
One Step Up
Onitsuka Tiger
Onkyo
Only Mine
Onque Casuals
On-Stage Stands
Onzie
Opening Ceremony
OPI
Optimum
Orajel
Oregon Scientific
Organic Wear
Original Penguin
Oris
Orla Kiely
Orly
Orvis
Osh Kosh
Oshkosh
Osprey
OtterBox
Ouai
Ouidad
OULUOQI
OutBrook
Outdoor Life
Outdoor Research
Outer Banks
Outset Media
Outward Hound
Oxbow
Oxford
Oxford Golf
OXO Tot
P&N
Pacific Trail
Pacific World Corp
Paco Rabanne
PAIGE
Pal Zileri
Palladium Boots
Palm Beach
Palm Grove
Palmer's
Pam Grace Creations
Pamela Mccoy
Pampers Baby Dry
Pampers Easy Ups
Pampers Sensitive
Pampers Splashers
Panhandle Slim
Pantene
Papell Boutique
Paper Crane
Paper Fox
Paper Magic
papi
Papo
Paprika
Paradise Collection
Paradise Found
Paradise Kids
Paradox
Parallel
Paris Blues
Parish
Park Lane
Parker
Partners
Pasta Express
Pastry Shoe Collection
Patagonia, Inc.
Patek Philippe
Patrizia Pepe
PattyBoutik
PAUL & JOE
Paul Frank
Paul Fredrick
Paul Green
Paul Jones
Paul Smith Junior
Paula Deen
PCA Skin
Peaches
Peanut Shell
Peanuts
Pearhead
Pebble Beach
Peck & Peck
PediaCare
Pedialyte
Pedigree
Peg Perego
Pegasus
Pelican
Pelle
Pelle Pelle
Pencey
Pendleton Woolen Mills
Penguin Group
Penn Fishing
Pentel
People's Liberation
Pepe Jeans
Peppa Pig
Peppe Peluso
Per Se
Perception Sport
Perceptions
Performance Tool
Peripera
Perler
Perlina
Permatex®
Perricone MD
Persol
Persona
Peruvian Connection
Pet Ego
Pet Life
Pet Zone
Peter Millar
Peter Nygard
Peter Thomas Roth
Petit Tresor
Petite Sophisticate
Petmate
PetRageous Designs
Petunia Pickle Bottom
PEZ
PGA
PGA TOUR
Phat Farm
Phat Farm/Baby Phat
Phidal Publishing
Phil & Teds
Phillips
Phillips 66
Philosophy
Piazza Sempione
Piedmont
Pierre Cardin
Pierre Dumas
Pilcro
Pillsbury
Pinc Premium
Pineapple Connection
PING
Pink Chicken
Pink Dolphin
Pink Fizz
Pink Lotus
Pink Sugar
Pinkblush
Pinnacle Fishing
Pinnacle Systems
Pins & Needles
Pioneer Inc.
Pioneer Pet
Piperlime
Pixi
P'Kolino
Plackers
Plains Western Wear
Planet Hollywood
Planet Motherhood
Planet Pleasures
Planet Waves
PlaSmart
PlastiColor®
Play Along
Play MG
Playhut
Playmind Limited
Playstar
Pleasure Party
Pleione
plenty by Tracy Reese
Plugg
Plum Organics
Plus White
PNY
Point Zero
Polar Pro Filters
Poleci
Poligrip
Polk Audio
Polly & Esther
Polycom
PONY
Poof!
Pop Beauty
Popatu
PopCap
Porsche Design
Port & Company
Port Authority
Positive Attitude
Post-it
Pour la Victoire
Power A
Power Wheels
Powerbolt
PowerTorque®
Prabal Gurung
Prabal Gurung for Target
Prairie Dog Antlers
Pravana
Preggers
Prescriptives
Pre-Seed
Pressman Toy
Presto
Pretty Angel
Pretty Polly
Preval®
Prevue Pet Products
Primal Wear
Primo Emporio
Pringle of Scotland
Prinz
Pro Line
Proactiv
ProClub
Proctor Silex
Proenza Schouler
Profound Aesthetic
Progressive International
Pronto Uomo
Propet
PROPPER
ProTec
Protege
PRPS
Psycho Bunny
Publish
Puffs
Puj
Pull&Bear
Pulsar
Punch Studio
Puppia
Pure Boxing
Pure Color
Pure Life
Pureology
Purina Alpo
Purina Beneful
Purina Friskies
Purina One
Puritan
Pur-lisse
Purple Power®
PylePro
