T3
Takeout
Tamara
Tano
Team Apparel
Technomarine
The Grinch
The Learning Journey
The Mountain
Thor
Thrive
Thule
Tiara
Tibi
Tile
Tivoli
Tootsie
TSE
Tucker
Tulle
TYR
Ultra Pro
Umbra
Velvet
Victorious
Wanted
Wildkin
Wilson Jones
XM
Y-3
Yada
Yes To
ZCO
ZENA
Zilla
Zoom
Zoot
Tacori
Tag Heuer
Taggies
Tangerine
Tangle Teezer
Tanner Mark
Tarina Tarantino
Tassimo
Tasso Elba
Tatcha
TDK
Tea Collection
Teac
Tecnica
Ted Baker
Telebrands
Tervis
Tessuto
Testament
TETON Sports
Tetra
Tevolio
Thayers
The Balm
The Sak
Thierry Mugler
ThinkFun
Thundershirt
Tiana b
Tick Twister
Tiffany Designs
Tiger Woods
Timber Creek
timi & leslie
Tinker Bell
Tinley Road
Tinseltown
Tissot
Toastmaster
TOCCA
Tom James
Tommy John
Tone
Tony Lama
Tony Moly
Too Fast
Top Fin
Tortle
Tous
Toynami
T-Party
TP-Link
Tracy Reese
Travis Mathew
Trench
Tresics
trèStiQue
Tretorn
Tria
Tribal
Tri-Mountain
Trina Turk
Tripp
Trudeau
Truly Scrumptious
Trunk Ltd
Trust
Tularosa
Tumi
Tundra
Turtle Beach
Tweeds
Tweezerman
Twenty X
Twiggy
Twisted Heart
Twisted X
Tyra Beauty
U.S. Polo Assn.
Ubbi
Ultra Flirt
Umbro
Unisa
United Colors Of Benetton
Unlisted
Upspring
Urban Republic
Urban Up
USA Hockey
USA Leather
USAF
Valerie Stevens
Van Cleef & Arpels
Vandor
Vaneli
Vanilla Sugar
Vantage
Vaseline
Vasque
Veet
Venum
Vertigo
Vetericyn
Via Spiga
Vichy
Vidal Sassoon
Viktor & Rolf
Vilebrequin
Villager
Vintage Havana
Vintage Red
Viper
Virgo
Viseart
VISSLA
Vita Liberata
Vitamins Baby
Viva Naturals
Vivienne Westwood
Viviscal
Volatile
Von Dutch
Von Zipper
Wallflower
wallis
Warby Parker
Warehouse
Waterford
WD.NY
Weather Tamer
Weavers
Wedgwood
Wella
Wembley
WeSC
West Coast Choppers
Westbound
Western Chief
Wham-O
Whirlpool
Whish
White Diamond
White Mountain
Wigwam
Wild Diva
Wild Republic
Williams Sonoma
Wittnauer
Wolford
Wolverine
WoodWick
Woot
WOW couture
WowWee
XCVI
XEN-TAN
Xscape
Xtreme Couture
Yamaha
Yohji Yamamoto
Yoki
You & Me
Youngblood
Youngland
Yours Clothing
Youth To The People
Yves Rocher
Zaggora
Zanerobe
Zara Terez
Zigi Soho
Zinke
Zobha
Zobo
Zoli
Zoo Med
Zoya
Zune
T by Alexander Wang
T&J Designs
T.J.Maxx
Tachikara
Tadashi Shoji
Tadpoles
TailorByrd
Tallia
Tally Ho
Taryn Rose
Taverniti
TAVIK swimwear
Taylor Dresses
Tech  Kids
Technics
Techno Source
Tee Shop
TeeFury
Teeze Me
Tek Nek
Teleflora
Ten Sixty Sherman
Tennessee River
Terry Lewis
Thakoon
Thames & Kosmos
The Blossom Apparel
The Bridge Direct
The Doctor's
The Estée Edit
The Freshnes
The Frye Company
The Instrument Store
The Laundry Room
The Magic Bullet
The Maya Group
The Noco Company
The Northwest Company
The Original Muck Boot Co.
The Peanut Shell
The Queens Treasures
The Timberland Company
The Wet Brush
The Whistler Group
The Wish Factory
The Wonder Forge
TheLees
Thinkway
This is a Love Song
Thom Browne
Thomas Dean
Thread Social
Threads 4 Thought
Three Dots
Three Hearts
Tiara International
Tiare Hawaii
Tickled Pink Tees
Tidy Cats
Tigerlily
TIGLIO
Tildon
tm!
Tolani
Tolly Tots
Tonner Doll Company
Tony & Tina
Top Flite
Top of the World
Topshop Petite
Tori Praver Swimwear
Torn by Ronny Kobo
totes ISOTONER
Towncraft
Toy Monster
Toys R Us Plush
Tractr
Tracy Evans
Treasure & Bond
Trend Lab
Trevco
triangl swimwear
Tribest
Tricots St. Raphael
Triple 5 Soul
Triple 7
Triple Five Soul
Triton Products
Trouve
True Light
True Rock
TRU-SPEC
Truth & Pride
Tultex
Turnbull & Asser
Turnbury
Twelfth Street by Cynthia Vincent
Twenty8Twelve
Twilight Gypsy Collective
Two by Vince Camuto
Two Faced Cosmetics
Two In The Shirt
Tylenol
Ubisoft
Uglydoll
Ujena
Ulla Popken
Ultima II
Ultimate Ears
UltimateTV RCA
Uncommon Threads
Underground Toys
Underscore
Unique Creations
United States Sweaters
Universal Baby
University Games
Univibe
Univsersal Studios
Unwired Technologies
Up Vibe
Update International
UpSpring Baby
Urban Behavior
USAopoly
Va Bien
Valco Baby
Valentino Garavani
Vanessa Bruno
Vava by Joy Han
Velvet by Graham & Spencer
Velvet Torch
Vera Pelle
Veronica Beard
Versace Collection
Versace Jeans
Versus By Versace
Vertigo Paris
Vesuvio Napoli
Vic Firth
Vickerman
Victor Costa
Victoria Jones
Victorinox Swiss Army®
ViewSonic
VillaWare
Violet & Claire
Visvim
Vitakraft
Vittorio St. Angelo
Vivid Imaginations
Viz Media
Vollrath
Voodoo Vixen
Vulli
Wagner Lighting
Wall Pops
Walt Disney Studios Entertainment
Walt Disney Studios Home Entertainment
Walter Hagen
WANT Les Essentiels
Warner Home Video
WB Games
WD-40®
WearFirst
Weaver Leather
Web RC
Weekenders
Wendy Bellissimo
West Bend
Western Express
Westward Leaning
Whiskas
White + Warren
White Mark
White Mountaineering
Willi Smith
William Rast
Willow & Clay
Winchester
Wincraft
Winlit
Winner's Circle
Winterland
Wish
Wit & Wisdom
Wolfgang Puck
Woman Within
Woman's Touch Apparel
Wonderworld
Workman
Worth
Wusthof
Xelement
Xenith
Xerox
XO Vision
Y- by Yohji Yamamoto
Yakima
Yankee Candle Company
Yazbek
YBike
Yigal Azrouel
Young Fabulous & Broke
Younique products
Yumi Kim
Yummie by Heather Thomson
Yummie Tummie
Yvolution
Z Cavaricci
Zadig & Voltaire
Zak Designs
Zana Di
Zanella
Zen Group
Zero + Maria Cornejo
Zimmerman
Z-Man Games
Zodax
Zoe Ltd
Zum Zum
ZyXEL
