HEAD
Dubble Bubble
Dawgs
Golf Pride
Fifth Sun
Arc'teryx
Faber-Castell
Azo
Investments
Attention
525 America
5th & Ocean
Black Scale
A.K.A
Herve Leger
Beautees
abercrombie kids
Absorba
Abu Garcia
BCBG Max Azria
AC/DC
Elite
AC_slash_DC
Green Sprouts
Camo
Focus
Accutron
Champion Sports
Acne Studios
Acorn
Acrobat
Body Central
Bettie Page
Active Wow
Activision
Adonna
Acure
ADAM
Dermal
Hitachi
Adams
AERIN
HO
Adolfo
AERIN
AeroPress
Farmacy
Bamboobies
Easel
California Waves
Blauer
Agfa
Denali
Blue Buffalo
Ahava
Aimee Kestenberg
Air Hogs
BEARPAW
Baggallini
Beverly Hills MD
Airwalk
Akademiks
Akai
ESPN
HOT MILK
Akribos XXIV
Fiore
Born Fly
Elan
Alba
Alessi
Alex Toys
Bananafish
GiGi New York
Alexandria
Alexis
Disguise
Iron Maiden
Edge
Emerica
ADAM
Algenist
Cardi
Ali & Kris
Alien Workshop
All Saints
Jensen
Erika
All That Jazz
Acrobat
Chalk Line
Cactus
Allegri
Allen Edmonds
Chantecaille
Ematic
Ecotools
Bonnie Baby
ALLOY
Allsop
Aloha
Greg Norman
Alpha Industries
AMIA
Alpine
Honeywell
Alpine Design
Altar'd State
Alternative Apparel
Cotton Express
Anchor Blue
Dyson
Always For Me
Alyce Paris
Coca-Cola
Emerald Sundae
Amanda Smith
anon
Ambrielle
Bh
American Needle
A-Shirt
American Tourister
Bungalow
amika
Hi-Tec
Iceberg
Diamondback
amy coe
Anchor Blue
Anchor Hocking
Bruin
Anderson Bean
Andis
Angelcare
Angelina
Animal Planet
Alexandria
Ann Marino
Curves
Anna Sui
Anne Michelle
Anolon
Glo
Anthony
Antigua
Essentials
Antilia Femme
Global
Antique Rivet
DCC
Anxiety
Flirt
Elie Saab
Emerson
Baby Banz
Colorforms
Dreamgirl
Jeffrey Campbell
Capcom
Emporio Armani
Aquafresh
Band of Gypsies
Aquarius
amy coe
Archie Comics
ARCONA
Arc'teryx
Friskies
Ariana Grande
Ariya
Ark & Co
Arm & Hammer
Armani
Accutron
Armani Exchange
Goody
Camilla
Irish Setter
Exuviance
Chicago
Arrid
Arturo Chiang
As U Wish
A-Shirt
Ashley B
Essence of Beauty
ASOLO
Juice Beauty
Dragonfly
Asphalt Yacht Club
Assets
Astroglide
Duck Commander
AKOO
AT&T
Atari
BAD BOY
Athena
Fjallraven
Athletech
Horizon
Field Gear
GM
Buxton
Aero
% Pure
Attention
Galt
BonJour
Christina
Judith March
Burnside
Audrey Brooke
Anchor Hocking
High Sierra
Austin Reed
Australian Gold
Giorgio Armani
Ghost
Avanti
Aviator Nation
ARCONA
Axcess
Ben Davis
Azules
Azzaro
GAIN
Dakine
Hind
Doe
Imagine
b. makowsky
Bamboo
b.o.c.
b.tempt'd
BLOCH
Baby Aspen
Baby Banz
Crane
Boo!
Frankie B
Becca
Baby Boom
American Tourister
Baby Brezza
Baby Bullet
Baby connection
Baby Essentials
Baby Gear
Baby Legs
Cellini
Baby Magic
Helix
BabyGanics
Babyhome
Coleman
Back to Basics
BAD BOY
Aroma
Badger
Baffin
Bagatelle
Bill Blass
Baggallini
butter LONDON
Foreo
Bailey
Comfort Zone
Dial
Dress Barn
DevaCurl
Drybar
Chrome Hearts
Bakers
Balboa Baby
Baleaf
Hobie
Bambo Nature
Bioelements
Bamboobies
Banana Boat
Bananafish
Band of Gypsies
Alpine
Fire Los Angeles
Century
Banzai
For Love and Lemons
Bar Lll
Baratza
Barbasol
Gossip Girl
Bare Minerals
Issey Miyake
Barefoot Dreams
California Baby
Barron's
Barska
Cesar
Animal Alley
Cooler Master
Bates
Batman
Hard Rock Cafe
Bausch & Lomb
Bay Studio
BBF
Cambridge Satchel
BMW
BC Footwear
Anna Sui
Be Wicked!
Billionaire Boys Club
BEARPAW
Beautees
Blanc Noir
Beautycounter
Buffalo
Becca
Chopard
Hape
Bechamel
Ban
Bed Stu
BedHead
Beechnut
Hershey
Begin Again
EA Sports
Bejeweled
Believe
Belif
Bell Sports
Dr. Seuss
Hanky Panky
Bella Cucina
Bellatrix
Belldini
etnies
Belle Du Jour
BeMaternity
Cake
Ben Sherman
Benefit Cosmetics
Benetton
Happy Socks
Berek
GPX
Beretta
Illuminations
Banzai
Berkshire
Gentle Giant
BernzOmatic
Bershka
Ahava
Franco Sarto
Betsy & Adam
Bettie Page
Becca Cosmetics
Beverly Hills MD
Bialetti
Big Bang Theory
Bill Blass
Billionaire Boys Club
Bio Oil
Bioelements
Biossance
Boots
Bioworld
Cascade
Bissell
Acne Studios
Bite Beauty
Greenies
Alessi
Bitten
Deco Mesh
Black Diamond
Black Poppy
Black Rivet
Caudalie
Black Scale
GK
Eucerin
Blackhawk
Honda
Blackmilk
Augusta Sportswear
Head & Shoulders
Giacca
BLANKNYC
BLANQI
Blauer
ExOfficio
Blink
Coola
Baffin
Channel
Bliss
Blizzard
Gold's Gym
Blair
BLOCH
Bloomingdale's
B-Low the Belt
Blowfish
Blu Pepper
Blue Bird
Blue Box
Blue Buffalo
Army
Blue Nile
Boohoo Plus
Jonathan Adler
Diono
Boxercraft
Dereon
Downy
Blush
Bob Mackie
Body & Hair
Body Central
Body Wrappers
Gatorade
Bite Beauty
Got 2B
Fever
BOGS
Bolle
Bon Bebe
Crosley Radio
Bonfire
BonJour
Bonnie Baby
Bonnie Jean
Bonobos
Ball
Gregory
Clover Canyon
FX
John Varvatos
Charles Tyrwhitt
Boohoo Petite
Boohoo Plus
Calgon
Borghese
Born Fly
Bosch
JUMP
Boscia
BOSS Black
Jachs
Jeep
Belldini
BaubleBar
Bostonian
Bissell
Botkier
Ann
Boudreaux
Atari
CHI
Bourbon and Bowties
Bourjois
bp
Boutique 9
Fred Perry
Chilton
Corso Como
Bejeweled
Bates
5th & Ocean
Chamilia
Brandon Thomas
Bravado Designs
Jantzen
Breezies
Coco Reef
Hoka One
GEIGER
Breitling
Bret Michaels
frogg toggs
Clean & Clear
Briggs New York
Dingo
Briogeo
Just Intimates
ANGL
Brittany Black
Dollar Shave Club
Brookstone
Bruin
Catit
Brut
Brute
Bubblegum
First Issue
Blink
Bucket Feet
Bugatchi
Dazzle
Derek Lam
Duracell
Intex
Charisma
Bulova
Capelli
Bumble and bumble
Bumbleride
Bumkins
Comotomo
Bungalow
Burnside
butter LONDON
Buxton
BVD
By Terry
Elwood
C&A
Airwalk
Australian Gold
Green Apple
Hudson
Brut
Cabernet
Georgia Boot
Calgon
Bolle
CALIA by Carrie Underwood
California Baby
Chic
Flexi
California Scents
California Waves
Callisto
Cambio
Cambridge Satchel
Gibson
Camilla
Iris
BedHead
Hourglass
Canali
Canari
Botkier
Curel
Gigabyte
Ashley B
Capcom
Canterbury
Copper Key
Elmo
Bulova
Capelli
Joie
AND
Captiva
John Frieda
Foot Locker
Blush
Cardi
Breitling
Just Love
Cards Against Humanity
Carefree
Cargo
Donna Karan
Carmex
Carole Hochman
Carolina Blues
Carolina Herrera
Carol's Daughter
Contours
Ferrari
Bob Mackie
Caruso
Carven
Cascade
Case Logic
Casetify
Haggar
Hublot
GBX
Casual Industrees
Jagermeister
Catherine Malandrino
Catherine Popesco
Illesteva
Cathy Jean
Caudalie
CC Skye
Athletech
Case Logic
Cecico
Céline
French Toast
Holloway
CeraVe
CERRUTI
EDUN
Alcon
Cesar
Cetaphil
Educational Insights
Cabernet
Diaper Genie
Anxiety
Chalk Line
Chamilia
Ask
Champion Sports
Champro
Chan Luu
deborah lippmann
Cobra
Chantecaille
Dansk
Chantelle
Chapstick
Charles David
AT&T
Charles David
Clearasil
Giorgio Brutini
Charles Klein
Ingear
DP
Charles River Apparel
Antigua
Charlie Banana
Charlotte Olympia
b. makowsky
Boscia
Chelsea & Violet
Blizzard
Chemex
Giovanni
Chesley
Carnival
Childcraft
Bostonian
Chilton
Chloe K
Bakers
Guy Harvey
Ice
K2
American Needle
Bare Minerals
Chopard
All Sport
Choppers
Julep
Baker by Ted Baker
Christian Audigier
Christian Lacroix
Asphalt Yacht Club
Christophe Robin
Fly London
Finders Keepers
Boudreaux
Elizavecca
Juiceman
Chrome Hearts
Blackhawk
Chronicle Books
Ciaté London
Cinema Secrets
Copper Fit
Gypsy 05
Circa
Circo
Citizens of Humanity
Emilio Pucci
City Chic
City Studio
CJ Banks
Claiborne
Clairol
Clarisonic
Clarisse
BOSS Black
EK Success
Inspire
Belif
Joyce Leslie
Clean & Clear
Chelsea & Violet
Clear Care
Clearasil
Cleobella
Griffin
Cliff Keen
Clio
Azzaro
Club Monaco
Anker
Combi
Circa
Coca-Cola
Blank
Joico
Happy Baby
Budge
Cocomo
Aviator Nation
Coleman
Grace Elements
Craftsman
Colin Stuart
Anthony
Carmex
Daniel Rainn
Colonial Candle
Color Oops
Colorado Clothing
Colorforms
Colourpop
Comfort & Harmony
Dorothy Perkins
Comfort Choice
Chevrolet
Comfort Zone
Igloo
Gorham
Foxcroft
Comotomo
Acorn
Chapstick
Context
Contigo
Contours
CAT
Coobie
COOGI
Jack LaLanne
Blue Box
Cookie Lee
Coola
Cooler Master
Cover Girl
Cooperative
Emma Fox
Copco
Copper Fit
English Laundry
Audi
Copper Key
Donald Trump
47
Coral Bay
Corona
Altar'd State
Corral
Corsair
Indie
Corso Como
Hudson Baby
Cosabella
Chantelle
Freshly Picked
Cotton Express
Coulbourne
Courtenay
Cover Fx
Cover Girl
Imperial
Crabtree & Evelyn
Craftsman
Baby Legs
Aloha
Creature
First Alert
Cra-Z-Art
Andis
Creative Recreation
Heritage
Berkshire
Creed
Cremieux
EVGA
J. Jill
Elf on the Shelf
Intel
DeLONG
Gloria Vanderbilt
Crystal Clear
DIRECTV
Crystal Rock
Cubavera
Hanna Andersson
Curel
Funtasma
Custo Barcelona
Joan Rivers
Bonnie Jean
Cutie Pie Baby
Dremel
Joan & David
CLEAN
Deux Lux
Counterparts
Arturo Chiang
Hippie
grass
First Act
Drunk Elephant
Blue Bird
Cyrus
Double Zero
Dakine
Denon
Dale Of Norway
Heelys
Curvation
Adams
Ferragamo
Daniel Rainn
Danielle Nicole
Dansk
Castle
K & W
Galaxy
Dark Horse
Allen Edmonds
Josie
Baby Aspen
Baby Gear
Fathead
Clairol
DDF
De La Mer
deborah lippmann
Ecote
Cookie Lee
Carol's Daughter
Deco Mesh
Creed
Deena & Ozzy
Deer Stags
Body & Hair
Deletta
Field & Stream
Delia's
DeLONG
DeLonghi
Ambi
Bari Jay
DeMarini
Demdaco
Diba
Eric Javits
Black Poppy
Denon
DenTek
Fanatics
Derek Lam
Dereon
Angelina
Dermal
Gamo
Design History
Alba
By Terry
Desitin
Canvas
AGB
Deux Lux
DevaCurl
Easy Spirit
Dexter
Diamond Plate
Diamondback
Dark Horse
Comfort Choice
Jezebel
Diaper Genie
Dingo
Diptyque
DIRECTV
Disguise
Disney Baby
Dexter
CALIA by Carrie Underwood
CAMPER
Evolution
District
Activision
District Threads
Gallery
Huffy
DJI
DKNY Jeans
DL1961
Enjoi
Dog Games
Eden
Dolfin Swim
Dollar Shave Club
Dollie & Me
Donald J. Pliner
IMAN
Donna Karan
Casual
Donna Karen
Bumble and bumble
Dora the Explorer
Choppers
Doris
Frontline
Bialetti
Anne Fontaine
Douglas
Downy
DP
Dr. Brandt
Hawk
Dr. Miracle's
Dr. Seuss
Dragon Alliance
Impressions
Dream Lites
Dreamgirl
Dreamworks Animated
Daniel Cremieux
Dremel
Dress Barn
DRI DUCK
Drinkwell
Drunk Elephant
Flying Tomato
Drybar
Dsquared
Dubble Bubble
Duck Commander
Ducks Unlimited
Everly
Islander
Blue Nile
Dunlop
DUO
Duo Maternity
Duracell
Durango
DuWop
Biossance
DVS
BLANQI
Blind
Dyson
EA Sports
Gabriel
Earl Jeans
Eastland
Cooks Essentials
Armani
Bounce
Easy Spirit
JNCO
Eberjey
Foundry
Hustler
Ecote
Ecotools
Goddess
Edu Science
abercrombie kids
Claiborne
Anne Michelle
EK Success
Contigo
Beechnut
It Figures
Infinity Raine
For Joseph
Catherine Malandrino
Giant
Electric Yoga
Bar Lll
Electronic Arts
Baby Brezza
Fekkai
Dolfin Swim
Elf on the Shelf
Hamilton
Elie Saab
Elie Tahari
Cotton Tale Designs
Akai
GAME
DeMarini
Cathy Jean
Elizavecca
Ella Moss
Elements
Fake Bake
Elliott Lucca
Complete
Ducks Unlimited
Emerica
Emile et Rose
Disney Baby
DDF
Eminence
Emma Fox
Emporio Armani
Jafra
English Laundry
AC/DC
Franklin
Enyce
ANAMA
Josie Maran
Boston Traders
Cinema Secrets
Epic Threads
Eric Carle
Eric Javits
Diaper Dude
Giordano
Beautycounter
Ermenegildo Zegna
Escante
ALLOY
eshakti
Bike
Ella Moss
Eastland
Essence of Beauty
Jac Vanek
eshakti
G.I. JOE
Addison
Audemars Piguet
Five Four
Cutie Pie Baby
ethika
Josef Seibel
Eucerin
Bitten
EVGA
Franco
EVISU
BLUE
EvoShield
Clear Care
Barefoot Dreams
CeraVe
Attends
Benefit Cosmetics
Frost Cutlery
DECKY
Dalia
Ford
Blackmilk
Exuviance
Icon
Ezekiel
Faber-Castell
Dragon
Jergens
Fake Bake
Faithfull the Brand
Falls Creek
Family Guy
Cyrus
Advent
Halston
Aspen Pet
Charlotte Olympia
Famous Stars & Straps
Just Cavalli
EVISU
Fantasie
Farmacy
Farsali
Carolina Herrera
Fashion Fair
Jambu
Blac Label
Fashion Forms
Fashionomics
Joyrich
Alife
Fatal Clothing
Howe
Fathead
Fekkai
Freeze
FELICITY & COCO
Gant
Big Bang Theory
Fellowes
Grand Slam
Fergie
Ferragamo
Bausch & Lomb
Blowfish
Fifth Sun
DUO
Filson
Juliette Has a Gun
Finders Keepers
Finish Line
Fiore
BOGS
Fire Los Angeles
First Act
First Aid Beauty
First Alert
First Impressions
First Issue
Avanti
First Wave
Alia
Five Four
DKNY Jeans
Christophe Robin
Journee Collection
Fixodent
Foreign Exchange
Fjallraven
Cavi
Blue Cult
Flirtitude
Cheetah
Jacques Moret
Florsheim
Flow Society
Fly London
Flying Tomato
Clio
DBX
Flynn Skye
Foot Locker
Ciaté London
dreamGEAR
For Joseph
Circo
District
For Love and Lemons
Enyce
FORAY
GBC
Ben Hogan
Imperial Motion
Foreo
Bellatrix
Armani Exchange
Forplay
Foster Grant
Electric Yoga
Charlie Banana
Flynn Skye
Foundry
Giani Bernini
Flamingo
Benetton
Haband
JM Collection
Frame Denim
Francesco Biasia
Act
Franco
DJI
Franco Sarto
Frankie B
Franklin
Ariya
Fred Perry
Captiva
EvoShield
French Toast
Frenchi
Freshly Picked
Freshman
Frigidaire
Frontline
Aqua Clear
Balboa Baby
Frost Cutlery
Fujifilm
Funrise
Funtasma
FX
G.H. Bass & Co.
G.I. JOE
Gabriel
Allure
GAIAM
Diptyque
Iron Man
Guess by Marciano
Bailey
Galaxy
Closet
Flip
Aria
Foster Grant
GBC
GBX
Frenchi
Impossible
Archie Comics
Gearbox
Athena
Cargo
GEIGER
Charles River Apparel
CK Jeans
Generra
Bourbon and Bowties
Arrid
Jeanne Pierre
AKIRA
Georgia Boot
Harbor Bay
Georgiou
Gerber Foods
Gevalia
Ellison
Giani Bernini
Expressions
Gigabyte
Gillette Venus
Gimmick
Giordano
Giorgio Armani
Giorgio Brutini
Giovanni
Godinger
Absorba
Hugo Boss
Girbaud
Giro
Giuseppe Zanotti
Glamglow
Excalibur
Glamorise
Dotti
Corsair
Gloria Vanderbilt
Gear
Diva
Bershka
Clarisonic
Bio Oil
Jen's Pirate Booty
GOLD TOE
Gold's Gym
Haynes
Cos
Goodie Two Sleeves
Joe Rocket
Drake
John Deere
Goodyear
Ezekiel
GoPro
JACO
Cardinal
Gossip Girl
Got 2B
Cetaphil
Deni
Gotcha
Gottex
Honolua
GPX
Grace Elements
Grace Karin
Junk Food
Gracia
BOYS + ARROWS
Etch A Sketch
Grand Slam
Grane
Garage
HUGO
InterAct
grass
Great Expectations
Joules
Great Northwest
DenTek
Green Apple
Durango
Descente
Green Toys
Greg Norman
Bumbleride
Ashworth
Gregory
Hayabusa
Greylin
Atmosphere
Excell
Grreat Choice
JanSport
Coulbourne
First Impressions
Boon
Anderson Bean
Gryphon
Christian Audigier
Audiovox
G-Star
Guess by Marciano
Crystal Rock
Guinness
G-Unit
Guy Harvey
GoPro
GX by Gwen Stefani
Gypsy 05
Haggar
Innova
Haier
Jean Paul Gaultier
Altra
Hale Bob
Black Diamond
Fresh
Johnson
Hamilton
Hamilton Collection
Ash
Illamasqua
GAIAM
Hanky Panky
Hanna Andersson
John Hardy
Athlete
Happy Baby
Happy Socks
Elliott Lucca
Connected
Glamglow
Hard Rock Cafe
Hardwood Classics
Harrington
Harris Tweed
amika
Harrow
Hartstrings
Harve Benard
Hathaway
Archaic
Animal Planet
Island Escape
Hint
B-Low the Belt
IRO
Haynes
Caravelli
iRobot
Hartstrings
Hazel
Cachet
Catherine Popesco
Head & Shoulders
Elixir
HeartSoul
Heelys
Fujifilm
Heinz
Heirloom Collectibles
Helix
Helly Hansen
Henckels
Estes
Bed Stu
Herbal Essences
Herbal Essences
Hershey
Herve Leger
Epic Threads
Hickey Freeman
High Sierra
Bumkins
Highlander
Highway Jeans
As U Wish
Dora the Explorer
Hikari
Guinness
Hilfiger Denim
Eminence
Farsali
Curve
Hippie
Anita
Ghast
Hitachi
Cutters
Hi-Tec
iLive
Filter
Hoka One
Holden
Family Guy
Holloway
Home Depot
COOGI
Home-it
Bubblegum
Honeywell
Honolua
Corolle
Hourglass
Howard Miller
Helly Hansen
Academy
Hublot
Hudson
Hudson Baby
Huffy
Gillette Venus
Bioworld
ethika
BabyGanics
Hugo Boss
Dr. Brandt
Hunt Club
Hustler
Iams
Hyperlite
Clark's Botanicals
Icebreaker
HeartSoul
Emson
Inner Beauty
iLive
Coast
Illamasqua
K Studio
Barron's
Colin Stuart
Corral
Ami
Instantly Ageless
In Bloom by Jonquil
Indah
Carole Hochman
Infinity Raine
Ingear
Blu Pepper
Inglesina
Brica
Comfort & Harmony
Ingrid & Isabel
Highway Jeans
Assets
Afina
Inov-
Arm & Hammer
Instantly Ageless
Joby
Intex
Itech
Joe Fresh
First Aid Beauty
Baby Essentials
Aqua
Dandelion
iris & ivy
Irish Setter
Irish Spring
iRobot
Iron Maiden
Briogeo
Iron Man
Hot Chillys
DVS
Algenist
Batman
Issey Miyake
iXCC
J Workshop
J&L
J. Jill
Jac Vanek
Jacadi
CC Skye
Flax
Jachs
Jack by BB Dakota
Jack Daniels
Jack Spade
Corona
Jacques Moret
Crystal Clear
Colourpop
Fergie
Jafra
Falls Creek
Jagermeister
Jamaica Bay
Gimmick
Jambu
Jams World
Jack Daniels
Jane Ashley
JanSport
Jantzen
Jason Wu
Huggies Goodnites
Borghese
Jean Paul Gaultier
Jeanne Pierre
Jeffrey Campbell
Cards Against Humanity
Com
1byone
Jen's Pirate Booty
Brute
Giuseppe Zanotti
Jergens
GUM
Irish Spring
Brookstone
ELF
Jezebel
JNCO
Banana Boat
Grace
Joan & David
Joan Rivers
Joby
GOLD TOE
Joe Fresh
Joe Rocket
Dollie & Me
ACCEL
Bliss
Horny Toad
John Deere
Hazel
Harrow
John Frieda
Hikari
John Hardy
Elomi
Audrey Brooke
JuJu
John Varvatos
Icebreaker
Cremieux
Johnny Was
Character
Alexis
Johnston & Murphy
Joico
City Chic
Eric Carle
Hammer
Jonathan Adler
Josef Seibel
Cover Fx
Joseph A
Holden
Josie
Josie Maran
Emu
Carefree
Jostar
Jou Jou
Etro
Joujou
Joules
Journee Collection
Journey Girls
Joyce Leslie
Joyrich
Crabtree & Evelyn
Changes
Everly Grey
Badger
Judith March
Juice Beauty
JuJu
Julep
Julie Brown
Juliette Has a Gun
Aquarius
Jun Planning
ISIS
Ariana Grande
Akademiks
Junk Food
Just Born
Alternative
Just Cavalli
Ben Sherman
Diamond
Caramel
Believe
Jack Spade
Caruso
Just Love
Cooper
Baby Bullet
Fantasie
Casetify
Home Depot
Globe
Acure
Aimee Kestenberg
Kaii
Donna Karen
